Component: ARM Compiler 6.16 Tool: armlink [5dfeaa00]

==============================================================================

Section Cross References

    startup_stm32f072xb.o(STACK) refers (Special) to heapauxi.o(.text) for __use_two_region_memory
    startup_stm32f072xb.o(HEAP) refers (Special) to heapauxi.o(.text) for __use_two_region_memory
    startup_stm32f072xb.o(RESET) refers (Special) to heapauxi.o(.text) for __use_two_region_memory
    startup_stm32f072xb.o(RESET) refers to startup_stm32f072xb.o(STACK) for __initial_sp
    startup_stm32f072xb.o(RESET) refers to startup_stm32f072xb.o(.text) for Reset_Handler
    startup_stm32f072xb.o(RESET) refers to stm32f0xx_it.o(.text.NMI_Handler) for NMI_Handler
    startup_stm32f072xb.o(RESET) refers to stm32f0xx_it.o(.text.HardFault_Handler) for HardFault_Handler
    startup_stm32f072xb.o(RESET) refers to stm32f0xx_it.o(.text.SVC_Handler) for SVC_Handler
    startup_stm32f072xb.o(RESET) refers to stm32f0xx_it.o(.text.PendSV_Handler) for PendSV_Handler
    startup_stm32f072xb.o(RESET) refers to stm32f0xx_it.o(.text.SysTick_Handler) for SysTick_Handler
    startup_stm32f072xb.o(RESET) refers to stm32f0xx_it.o(.text.DMA1_Channel1_IRQHandler) for DMA1_Channel1_IRQHandler
    startup_stm32f072xb.o(.text) refers (Special) to heapauxi.o(.text) for __use_two_region_memory
    startup_stm32f072xb.o(.text) refers to system_stm32f0xx.o(.text.SystemInit) for SystemInit
    startup_stm32f072xb.o(.text) refers to __main.o(!!!main) for __main
    startup_stm32f072xb.o(.text) refers to startup_stm32f072xb.o(HEAP) for Heap_Mem
    startup_stm32f072xb.o(.text) refers to startup_stm32f072xb.o(STACK) for Stack_Mem
    main.o(.text.DMA_Control) refers to main.o(.text.LL_DMA_EnableIT_TC) for LL_DMA_EnableIT_TC
    main.o(.text.DMA_Control) refers to main.o(.text.LL_DMA_EnableChannel) for LL_DMA_EnableChannel
    main.o(.text.DMA_Control) refers to main.o(.text.LL_DMA_DisableChannel) for LL_DMA_DisableChannel
    main.o(.text.DMA_Control) refers to main.o(.text.LL_DMA_DisableIT_TC) for LL_DMA_DisableIT_TC
    main.o(.ARM.exidx.text.DMA_Control) refers to main.o(.text.DMA_Control) for [Anonymous Symbol]
    main.o(.text.LL_DMA_EnableIT_TC) refers to main.o(.rodata.CHANNEL_OFFSET_TAB) for [Anonymous Symbol]
    main.o(.ARM.exidx.text.LL_DMA_EnableIT_TC) refers to main.o(.text.LL_DMA_EnableIT_TC) for [Anonymous Symbol]
    main.o(.text.LL_DMA_EnableChannel) refers to main.o(.rodata.CHANNEL_OFFSET_TAB) for [Anonymous Symbol]
    main.o(.ARM.exidx.text.LL_DMA_EnableChannel) refers to main.o(.text.LL_DMA_EnableChannel) for [Anonymous Symbol]
    main.o(.text.LL_DMA_DisableChannel) refers to main.o(.rodata.CHANNEL_OFFSET_TAB) for [Anonymous Symbol]
    main.o(.ARM.exidx.text.LL_DMA_DisableChannel) refers to main.o(.text.LL_DMA_DisableChannel) for [Anonymous Symbol]
    main.o(.text.LL_DMA_DisableIT_TC) refers to main.o(.rodata.CHANNEL_OFFSET_TAB) for [Anonymous Symbol]
    main.o(.ARM.exidx.text.LL_DMA_DisableIT_TC) refers to main.o(.text.LL_DMA_DisableIT_TC) for [Anonymous Symbol]
    main.o(.text.DMA_Reset) refers to main.o(.text.DMA_Control) for DMA_Control
    main.o(.text.DMA_Reset) refers to main.o(.text.LL_DMA_SetDataLength) for LL_DMA_SetDataLength
    main.o(.text.DMA_Reset) refers to main.o(.text.LL_DMA_SetMemoryAddress) for LL_DMA_SetMemoryAddress
    main.o(.text.DMA_Reset) refers to main.o(.bss.ADC_Data) for ADC_Data
    main.o(.ARM.exidx.text.DMA_Reset) refers to main.o(.text.DMA_Reset) for [Anonymous Symbol]
    main.o(.text.LL_DMA_SetDataLength) refers to main.o(.rodata.CHANNEL_OFFSET_TAB) for [Anonymous Symbol]
    main.o(.ARM.exidx.text.LL_DMA_SetDataLength) refers to main.o(.text.LL_DMA_SetDataLength) for [Anonymous Symbol]
    main.o(.text.LL_DMA_SetMemoryAddress) refers to main.o(.rodata.CHANNEL_OFFSET_TAB) for [Anonymous Symbol]
    main.o(.ARM.exidx.text.LL_DMA_SetMemoryAddress) refers to main.o(.text.LL_DMA_SetMemoryAddress) for [Anonymous Symbol]
    main.o(.text.AverageCalculation) refers to main.o(.text.DMA_Reset) for DMA_Reset
    main.o(.text.AverageCalculation) refers to main.o(.text.LL_ADC_REG_StartConversion) for LL_ADC_REG_StartConversion
    main.o(.text.AverageCalculation) refers to aeabi_sdiv.o(.text) for __aeabi_uidiv
    main.o(.text.AverageCalculation) refers to main.o(.bss.sumADC) for sumADC
    main.o(.text.AverageCalculation) refers to main.o(.bss.AverageValue) for AverageValue
    main.o(.text.AverageCalculation) refers to main.o(.bss.htim3) for htim3
    main.o(.text.AverageCalculation) refers to main.o(.bss.debug_cnt) for debug_cnt
    main.o(.text.AverageCalculation) refers to main.o(.bss.sumU) for sumU
    main.o(.text.AverageCalculation) refers to main.o(.bss.Uavg) for Uavg
    main.o(.text.AverageCalculation) refers to main.o(.bss.DebugReady) for DebugReady
    main.o(.text.AverageCalculation) refers to main.o(.bss.ADC_Data) for ADC_Data
[...]
    x$fpl$printf1                            0x08005b28   Section       16  printf1.o(x$fpl$printf1)
    x$fpl$printf2                            0x08005b38   Section       16  printf2.o(x$fpl$printf2)
    initial_mbstate                          0x08005b48   Data           8  _printf_wctomb.o(.constdata)
    .constdata                               0x08005b48   Section        8  _printf_wctomb.o(.constdata)
    x$fpl$usenofp                            0x08005b48   Section        0  usenofp.o(x$fpl$usenofp)
    uc_hextab                                0x08005b50   Data          20  _printf_hex_int_ll_ptr.o(.constdata)
    .constdata                               0x08005b50   Section       40  _printf_hex_int_ll_ptr.o(.constdata)
    lc_hextab                                0x08005b64   Data          20  _printf_hex_int_ll_ptr.o(.constdata)
    maptable                                 0x08005b78   Data          17  __printf_flags_ss_wp.o(.constdata)
    .constdata                               0x08005b78   Section       17  __printf_flags_ss_wp.o(.constdata)
    lc_hextab                                0x08005b89   Data          19  _printf_fp_hex.o(.constdata)
    .constdata                               0x08005b89   Section       38  _printf_fp_hex.o(.constdata)
    uc_hextab                                0x08005b9c   Data          19  _printf_fp_hex.o(.constdata)
    tenpwrs_x                                0x08005bb0   Data          60  bigflt0.o(.constdata)
    .constdata                               0x08005bb0   Section      148  bigflt0.o(.constdata)
    tenpwrs_i                                0x08005bec   Data          64  bigflt0.o(.constdata)
    CHANNEL_OFFSET_TAB                       0x08005c54   Data           7  main.o(.rodata.CHANNEL_OFFSET_TAB)
    [Anonymous Symbol]                       0x08005c54   Section        0  main.o(.rodata.CHANNEL_OFFSET_TAB)
    __tagsym$$used.0                         0x08005c5c   Number         0  eventrecorder.o(.rodata.EventRecorderInfo)
    HAL_RCC_GetSysClockFreq.aPLLMULFactorTable 0x08005c74   Data          16  stm32f0xx_hal_rcc.o(.rodata.HAL_RCC_GetSysClockFreq.aPLLMULFactorTable)
    [Anonymous Symbol]                       0x08005c74   Section        0  stm32f0xx_hal_rcc.o(.rodata.HAL_RCC_GetSysClockFreq.aPLLMULFactorTable)
    HAL_RCC_GetSysClockFreq.aPredivFactorTable 0x08005c84   Data          16  stm32f0xx_hal_rcc.o(.rodata.HAL_RCC_GetSysClockFreq.aPredivFactorTable)
    [Anonymous Symbol]                       0x08005c84   Section        0  stm32f0xx_hal_rcc.o(.rodata.HAL_RCC_GetSysClockFreq.aPredivFactorTable)
    [Anonymous Symbol]                       0x08005cab   Section        0  main.o(.rodata.str1.1)
    locale$$data                             0x08005ce8   Section       28  lc_numeric_c.o(locale$$data)
    __lcnum_c_name                           0x08005cec   Data           2  lc_numeric_c.o(locale$$data)
    __lcnum_c_start                          0x08005cf4   Data           0  lc_numeric_c.o(locale$$data)
    __lcnum_c_point                          0x08005d00   Data           0  lc_numeric_c.o(locale$$data)
    __lcnum_c_thousands                      0x08005d02   Data           0  lc_numeric_c.o(locale$$data)
    __lcnum_c_grouping                       0x08005d03   Data           0  lc_numeric_c.o(locale$$data)
    __lcnum_c_end                            0x08005d04   Data           0  lc_numeric_c.o(locale$$data)
    locale$$data                             0x08005d04   Section      272  lc_ctype_c.o(locale$$data)
    __lcctype_c_name                         0x08005d08   Data           2  lc_ctype_c.o(locale$$data)
    __lcctype_c_start                        0x08005d10   Data           0  lc_ctype_c.o(locale$$data)
    __lcctype_c_end                          0x08005e14   Data           0  lc_ctype_c.o(locale$$data)
    .data                                    0x20000000   Section        4  stdio_streams.o(.data)
    .data                                    0x20000004   Section        4  stdio_streams.o(.data)
    .data                                    0x20000008   Section        4  stdio_streams.o(.data)
    .bss                                     0x20000040   Section       84  stdio_streams.o(.bss)
    .bss                                     0x20000094   Section       84  stdio_streams.o(.bss)
    .bss                                     0x200000e8   Section       84  stdio_streams.o(.bss)
    .bss                                     0x2000013c   Section       96  libspace.o(.bss)
    SysTickCount                             0x2000026c   Data           4  timebase.o(.bss.SysTickCount)
    [Anonymous Symbol]                       0x2000026c   Section        0  timebase.o(.bss.SysTickCount)
    SysTickUpdated                           0x20000270   Data           1  timebase.o(.bss.SysTickUpdated)
    [Anonymous Symbol]                       0x20000270   Section        0  timebase.o(.bss.SysTickUpdated)
    TS_OverflowLock                          0x20000271   Data           1  eventrecorder.o(.bss.TS_OverflowLock)
    [Anonymous Symbol]                       0x20000271   Section        0  eventrecorder.o(.bss.TS_OverflowLock)
    fputc.buffer                             0x2000027d   Data           8  stdout.o(.bss.fputc.buffer)
    [Anonymous Symbol]                       0x2000027d   Section        0  stdout.o(.bss.fputc.buffer)
    fputc.index                              0x20000288   Data           4  stdout.o(.bss.fputc.index)
    [Anonymous Symbol]                       0x20000288   Section        0  stdout.o(.bss.fputc.index)
    EventBuffer                              0x20000340   Data        1024  eventrecorder.o(.bss.noinit)
    [Anonymous Symbol]                       0x20000340   Section        0  eventrecorder.o(.bss.noinit)
    EventFilter                              0x20000740   Data         128  eventrecorder.o(.bss.noinit)
    EventStatus                              0x200007c0   Data          36  eventrecorder.o(.bss.noinit)
    stdout_putchar.buffer                    0x200007e4   Data           8  retarget_io.o(.bss.stdout_putchar.buffer)
    [Anonymous Symbol]                       0x200007e4   Section        0  retarget_io.o(.bss.stdout_putchar.buffer)
    stdout_putchar.index                     0x200007ec   Data           4  retarget_io.o(.bss.stdout_putchar.index)
    [Anonymous Symbol]                       0x200007ec   Section        0  retarget_io.o(.bss.stdout_putchar.index)
    Heap_Mem                                 0x20000800   Data         512  startup_stm32f072xb.o(HEAP)
    HEAP                                     0x20000800   Section      512  startup_stm32f072xb.o(HEAP)
    Stack_Mem                                0x20000a00   Data        1024  startup_stm32f072xb.o(STACK)
    STACK                                    0x20000a00   Section     1024  startup_stm32f072xb.o(STACK)
    __initial_sp                             0x20000e00   Data           0  startup_stm32f072xb.o(STACK)

    Global Symbols

    Symbol Name                              Value     Ov Type        Size  Object(Section)

    BuildAttributes$$THM_ISAv3M$S$PE$A:L22$X:L11$S22$IEEE1$IW$~IW$USESV6$~STKCKD$USESV7$~SHL$OTIME$ROPI$IEEEJ$EBA8$UX$STANDARDLIB$REQ8$PRES8$EABIv2 0x00000000   Number         0  anon$$obj.o ABSOLUTE
    _printf_flags                            0x00000000   Number         0  printf_stubs.o ABSOLUTE
    _printf_return_value                     0x00000000   Number         0  printf_stubs.o ABSOLUTE
    _printf_sizespec                         0x00000000   Number         0  printf_stubs.o ABSOLUTE
    _printf_widthprec                        0x00000000   Number         0  printf_stubs.o ABSOLUTE
    __ARM_exceptions_init                     - Undefined Weak Reference
    __alloca_initialize                       - Undefined Weak Reference
    __arm_preinit_                            - Undefined Weak Reference
    __cpp_initialize__aeabi_                  - Undefined Weak Reference
    __cxa_finalize                            - Undefined Weak Reference
    __sigvec_lookup                           - Undefined Weak Reference
    __user_heap_extent                        - Undefined Weak Reference
    _atexit_init                              - Undefined Weak Reference
    _call_atexit_fns                          - Undefined Weak Reference
    _clock_init                               - Undefined Weak Reference
    _fp_trap_init                             - Undefined Weak Reference
    _fp_trap_shutdown                         - Undefined Weak Reference
    _get_lc_collate                           - Undefined Weak Reference
    _get_lc_monetary                          - Undefined Weak Reference
    _get_lc_time                              - Undefined Weak Reference
    _getenv_init                              - Undefined Weak Reference
    _handle_redirection                       - Undefined Weak Reference
    _mutex_acquire                            - Undefined Weak Reference
    _mutex_free                               - Undefined Weak Reference
    _mutex_release                            - Undefined Weak Reference
    _printf_mbtowc                            - Undefined Weak Reference
    _printf_wc                                - Undefined Weak Reference
    _rand_init                                - Undefined Weak Reference
    _signal_finish                            - Undefined Weak Reference
    _signal_init                              - Undefined Weak Reference
    __Vectors_Size                           0x000000c0   Number         0  startup_stm32f072xb.o ABSOLUTE
    __Vectors                                0x08000000   Data           4  startup_stm32f072xb.o(RESET)
    __Vectors_End                            0x080000c0   Data           0  startup_stm32f072xb.o(RESET)
    __main                                   0x080000c1   Thumb Code     8  __main.o(!!!main)
    __scatterload                            0x080000c9   Thumb Code     0  __scatter.o(!!!scatter)
    __scatterload_rt2                        0x080000c9   Thumb Code    52  __scatter.o(!!!scatter)
    __scatterload_rt2_thumb_only             0x080000c9   Thumb Code     0  __scatter.o(!!!scatter)
    __scatterload_null                       0x080000d9   Thumb Code     0  __scatter.o(!!!scatter)
    __scatterload_copy                       0x08000105   Thumb Code    26  __scatter_copy.o(!!handler_copy)
    __scatterload_zeroinit                   0x08000121   Thumb Code    28  __scatter_zi.o(!!handler_zi)
    _printf_percent                          0x0800013d   Thumb Code     0  _printf_percent.o(.ARM.Collect$$_printf_percent$$00000000)
    _printf_n                                0x0800013f   Thumb Code     0  _printf_n.o(.ARM.Collect$$_printf_percent$$00000001)
    _printf_p                                0x08000149   Thumb Code     0  _printf_p.o(.ARM.Collect$$_printf_percent$$00000002)
    _printf_f                                0x08000153   Thumb Code     0  _printf_f.o(.ARM.Collect$$_printf_percent$$00000003)
    _printf_e                                0x0800015d   Thumb Code     0  _printf_e.o(.ARM.Collect$$_printf_percent$$00000004)
    _printf_g                                0x08000167   Thumb Code     0  _printf_g.o(.ARM.Collect$$_printf_percent$$00000005)
    _printf_a                                0x08000171   Thumb Code     0  _printf_a.o(.ARM.Collect$$_printf_percent$$00000006)
    _printf_ll                               0x0800017b   Thumb Code     0  _printf_ll.o(.ARM.Collect$$_printf_percent$$00000007)
    _printf_i                                0x08000185   Thumb Code     0  _printf_i.o(.ARM.Collect$$_printf_percent$$00000008)
    _printf_d                                0x0800018f   Thumb Code     0  _printf_d.o(.ARM.Collect$$_printf_percent$$00000009)
    _printf_u                                0x08000199   Thumb Code     0  _printf_u.o(.ARM.Collect$$_printf_percent$$0000000A)
    _printf_o                                0x080001a3   Thumb Code     0  _printf_o.o(.ARM.Collect$$_printf_percent$$0000000B)
    _printf_x                                0x080001ad   Thumb Code     0  _printf_x.o(.ARM.Collect$$_printf_percent$$0000000C)
    _printf_lli                              0x080001b7   Thumb Code     0  _printf_lli.o(.ARM.Collect$$_printf_percent$$0000000D)
    _printf_lld                              0x080001c1   Thumb Code     0  _printf_lld.o(.ARM.Collect$$_printf_percent$$0000000E)
    _printf_llu                              0x080001cb   Thumb Code     0  _printf_llu.o(.ARM.Collect$$_printf_percent$$0000000F)
    _printf_llo                              0x080001d5   Thumb Code     0  _printf_llo.o(.ARM.Collect$$_printf_percent$$00000010)
    _printf_llx                              0x080001df   Thumb Code     0  _printf_llx.o(.ARM.Collect$$_printf_percent$$00000011)
    _printf_l                                0x080001e9   Thumb Code     0  _printf_l.o(.ARM.Collect$$_printf_percent$$00000012)
    _printf_c                                0x080001f3   Thumb Code     0  _printf_c.o(.ARM.Collect$$_printf_percent$$00000013)
    _printf_s                                0x080001fd   Thumb Code     0  _printf_s.o(.ARM.Collect$$_printf_percent$$00000014)
    _printf_lc                               0x08000207   Thumb Code     0  _printf_lc.o(.ARM.Collect$$_printf_percent$$00000015)
    _printf_ls                               0x08000211   Thumb Code     0  _printf_ls.o(.ARM.Collect$$_printf_percent$$00000016)
    _printf_percent_end                      0x0800021b   Thumb Code     0  _printf_percent_end.o(.ARM.Collect$$_printf_percent$$00000017)
    __rt_lib_init                            0x0800021f   Thumb Code     0  libinit.o(.ARM.Collect$$libinit$$00000000)
    __rt_lib_init_fp_1                       0x08000221   Thumb Code     0  libinit2.o(.ARM.Collect$$libinit$$00000002)
    __rt_lib_init_heap_2                     0x08000221   Thumb Code     0  libinit2.o(.ARM.Collect$$libinit$$00000005)
    __rt_lib_init_preinit_1                  0x08000221   Thumb Code     0  libinit2.o(.ARM.Collect$$libinit$$00000004)
    __rt_lib_init_heap_1                     0x08000229   Thumb Code     0  libinit2.o(.ARM.Collect$$libinit$$0000000A)
    __rt_lib_init_lc_common                  0x08000229   Thumb Code     0  libinit2.o(.ARM.Collect$$libinit$$0000000F)
    __rt_lib_init_rand_1                     0x08000229   Thumb Code     0  libinit2.o(.ARM.Collect$$libinit$$0000000E)
    __rt_lib_init_user_alloc_1               0x08000229   Thumb Code     0  libinit2.o(.ARM.Collect$$libinit$$0000000C)
    __rt_lib_init_lc_collate_1               0x0800022f   Thumb Code     0  libinit2.o(.ARM.Collect$$libinit$$00000011)
    __rt_lib_init_lc_ctype_2                 0x0800022f   Thumb Code     0  libinit2.o(.ARM.Collect$$libinit$$00000012)
    __rt_lib_init_lc_ctype_1                 0x0800023b   Thumb Code     0  libinit2.o(.ARM.Collect$$libinit$$00000013)
    __rt_lib_init_lc_monetary_1              0x0800023b   Thumb Code     0  libinit2.o(.ARM.Collect$$libinit$$00000015)
    __rt_lib_init_lc_numeric_2               0x0800023b   Thumb Code     0  libinit2.o(.ARM.Collect$$libinit$$00000016)
    __rt_lib_init_atexit_1                   0x08000245   Thumb Code     0  libinit2.o(.ARM.Collect$$libinit$$0000001B)
    __rt_lib_init_clock_1                    0x08000245   Thumb Code     0  libinit2.o(.ARM.Collect$$libinit$$00000021)
    __rt_lib_init_fp_trap_1                  0x08000245   Thumb Code     0  libinit2.o(.ARM.Collect$$libinit$$0000001F)
    __rt_lib_init_getenv_1                   0x08000245   Thumb Code     0  libinit2.o(.ARM.Collect$$libinit$$00000023)
    __rt_lib_init_lc_numeric_1               0x08000245   Thumb Code     0  libinit2.o(.ARM.Collect$$libinit$$00000017)
    __rt_lib_init_lc_time_1                  0x08000245   Thumb Code     0  libinit2.o(.ARM.Collect$$libinit$$00000019)
    __rt_lib_init_signal_1                   0x08000245   Thumb Code     0  libinit2.o(.ARM.Collect$$libinit$$0000001D)
    __rt_lib_init_stdio_2                    0x08000245   Thumb Code     0  libinit2.o(.ARM.Collect$$libinit$$00000024)
    __rt_lib_init_alloca_1                   0x08000249   Thumb Code     0  libinit2.o(.ARM.Collect$$libinit$$0000002E)
    __rt_lib_init_argv_1                     0x08000249   Thumb Code     0  libinit2.o(.ARM.Collect$$libinit$$0000002C)
    __rt_lib_init_cpp_1                      0x08000249   Thumb Code     0  libinit2.o(.ARM.Collect$$libinit$$00000032)
    __rt_lib_init_exceptions_1               0x08000249   Thumb Code     0  libinit2.o(.ARM.Collect$$libinit$$00000030)
    __rt_lib_init_return                     0x08000249   Thumb Code     0  libinit2.o(.ARM.Collect$$libinit$$00000033)
    __rt_lib_init_stdio_1                    0x08000249   Thumb Code     0  libinit2.o(.ARM.Collect$$libinit$$00000025)
    __rt_lib_shutdown                        0x0800024b   Thumb Code     0  libshutdown.o(.ARM.Collect$$libshutdown$$00000000)
    __rt_lib_shutdown_cpp_1                  0x0800024d   Thumb Code     0  libshutdown2.o(.ARM.Collect$$libshutdown$$00000002)
    __rt_lib_shutdown_stdio_2                0x0800024d   Thumb Code     0  libshutdown2.o(.ARM.Collect$$libshutdown$$00000003)
    __rt_lib_shutdown_fp_trap_1              0x08000251   Thumb Code     0  libshutdown2.o(.ARM.Collect$$libshutdown$$00000007)
    __rt_lib_shutdown_heap_1                 0x08000251   Thumb Code     0  libshutdown2.o(.ARM.Collect$$libshutdown$$0000000F)
    __rt_lib_shutdown_return                 0x08000251   Thumb Code     0  libshutdown2.o(.ARM.Collect$$libshutdown$$00000010)
    __rt_lib_shutdown_signal_1               0x08000251   Thumb Code     0  libshutdown2.o(.ARM.Collect$$libshutdown$$0000000A)
    __rt_lib_shutdown_stdio_1                0x08000251   Thumb Code     0  libshutdown2.o(.ARM.Collect$$libshutdown$$00000004)
    __rt_lib_shutdown_user_alloc_1           0x08000251   Thumb Code     0  libshutdown2.o(.ARM.Collect$$libshutdown$$0000000C)
    __rt_entry                               0x08000253   Thumb Code     0  __rtentry.o(.ARM.Collect$$rtentry$$00000000)
    __rt_entry_presh_1                       0x08000253   Thumb Code     0  __rtentry2.o(.ARM.Collect$$rtentry$$00000002)
    __rt_entry_sh                            0x08000253   Thumb Code     0  __rtentry4.o(.ARM.Collect$$rtentry$$00000004)
    __rt_entry_li                            0x08000259   Thumb Code     0  __rtentry2.o(.ARM.Collect$$rtentry$$0000000A)
    __rt_entry_postsh_1                      0x08000259   Thumb Code     0  __rtentry2.o(.ARM.Collect$$rtentry$$00000009)
    __rt_entry_main                          0x0800025d   Thumb Code     0  __rtentry2.o(.ARM.Collect$$rtentry$$0000000D)
    __rt_entry_postli_1                      0x0800025d   Thumb Code     0  __rtentry2.o(.ARM.Collect$$rtentry$$0000000C)
    __rt_exit                                0x08000265   Thumb Code     0  rtexit.o(.ARM.Collect$$rtexit$$00000000)
    __rt_exit_ls                             0x08000267   Thumb Code     0  rtexit2.o(.ARM.Collect$$rtexit$$00000003)
    __rt_exit_prels_1                        0x08000267   Thumb Code     0  rtexit2.o(.ARM.Collect$$rtexit$$00000002)
    __rt_exit_exit                           0x0800026b   Thumb Code     0  rtexit2.o(.ARM.Collect$$rtexit$$00000004)
    __aeabi_memcpy4                          0x08000271   Thumb Code    56  rt_memcpy.o(.emb_text)
    __aeabi_memcpy8                          0x08000271   Thumb Code     0  rt_memcpy.o(.emb_text)
    Reset_Handler                            0x080002a9   Thumb Code     8  startup_stm32f072xb.o(.text)
    ADC1_COMP_IRQHandler                     0x080002bb   Thumb Code     0  startup_stm32f072xb.o(.text)
    CEC_CAN_IRQHandler                       0x080002bb   Thumb Code     0  startup_stm32f072xb.o(.text)
    DMA1_Channel2_3_IRQHandler               0x080002bb   Thumb Code     0  startup_stm32f072xb.o(.text)
    DMA1_Channel4_5_6_7_IRQHandler           0x080002bb   Thumb Code     0  startup_stm32f072xb.o(.text)
    EXTI0_1_IRQHandler                       0x080002bb   Thumb Code     0  startup_stm32f072xb.o(.text)
    EXTI2_3_IRQHandler                       0x080002bb   Thumb Code     0  startup_stm32f072xb.o(.text)
    EXTI4_15_IRQHandler                      0x080002bb   Thumb Code     0  startup_stm32f072xb.o(.text)
    FLASH_IRQHandler                         0x080002bb   Thumb Code     0  startup_stm32f072xb.o(.text)
    I2C1_IRQHandler                          0x080002bb   Thumb Code     0  startup_stm32f072xb.o(.text)
    I2C2_IRQHandler                          0x080002bb   Thumb Code     0  startup_stm32f072xb.o(.text)
    PVD_VDDIO2_IRQHandler                    0x080002bb   Thumb Code     0  startup_stm32f072xb.o(.text)
    RCC_CRS_IRQHandler                       0x080002bb   Thumb Code     0  startup_stm32f072xb.o(.text)
    RTC_IRQHandler                           0x080002bb   Thumb Code     0  startup_stm32f072xb.o(.text)
    SPI1_IRQHandler                          0x080002bb   Thumb Code     0  startup_stm32f072xb.o(.text)
    SPI2_IRQHandler                          0x080002bb   Thumb Code     0  startup_stm32f072xb.o(.text)
    TIM14_IRQHandler                         0x080002bb   Thumb Code     0  startup_stm32f072xb.o(.text)
    TIM15_IRQHandler                         0x080002bb   Thumb Code     0  startup_stm32f072xb.o(.text)
    TIM16_IRQHandler                         0x080002bb   Thumb Code     0  startup_stm32f072xb.o(.text)
    TIM17_IRQHandler                         0x080002bb   Thumb Code     0  startup_stm32f072xb.o(.text)
    TIM1_BRK_UP_TRG_COM_IRQHandler           0x080002bb   Thumb Code     0  startup_stm32f072xb.o(.text)
    TIM1_CC_IRQHandler                       0x080002bb   Thumb Code     0  startup_stm32f072xb.o(.text)
    TIM2_IRQHandler                          0x080002bb   Thumb Code     0  startup_stm32f072xb.o(.text)
    TIM3_IRQHandler                          0x080002bb   Thumb Code     0  startup_stm32f072xb.o(.text)
    TIM6_DAC_IRQHandler                      0x080002bb   Thumb Code     0  startup_stm32f072xb.o(.text)
    TIM7_IRQHandler                          0x080002bb   Thumb Code     0  startup_stm32f072xb.o(.text)
    TSC_IRQHandler                           0x080002bb   Thumb Code     0  startup_stm32f072xb.o(.text)
    USART1_IRQHandler                        0x080002bb   Thumb Code     0  startup_stm32f072xb.o(.text)
    USART2_IRQHandler                        0x080002bb   Thumb Code     0  startup_stm32f072xb.o(.text)
    USART3_4_IRQHandler                      0x080002bb   Thumb Code     0  startup_stm32f072xb.o(.text)
    USB_IRQHandler                           0x080002bb   Thumb Code     0  startup_stm32f072xb.o(.text)
    WWDG_IRQHandler                          0x080002bb   Thumb Code     0  startup_stm32f072xb.o(.text)
    __user_initial_stackheap                 0x080002bd   Thumb Code     0  startup_stm32f072xb.o(.text)
    __use_no_semihosting                     0x080002e1   Thumb Code     2  use_no_semi_2.o(.text)
    __aeabi_lmul                             0x080002e3   Thumb Code    48  llmul.o(.text)
    _ll_mul                                  0x080002e3   Thumb Code     0  llmul.o(.text)
    __aeabi_uldivmod                         0x08000313   Thumb Code   272  lludiv.o(.text)
    _ll_udiv                                 0x08000313   Thumb Code     0  lludiv.o(.text)
    printf                                   0x08000425   Thumb Code    22  printf.o(.text)
    __aeabi_memcpy                           0x08000441   Thumb Code   130  rt_memcpy.o(.text)
    __rt_memcpy                              0x08000441   Thumb Code     0  rt_memcpy.o(.text)
    _memset_w                                0x080004c3   Thumb Code    26  rt_memclr.o(.text)
    _memset                                  0x080004dd   Thumb Code    30  rt_memclr.o(.text)
    __aeabi_memclr                           0x080004fb   Thumb Code     4  rt_memclr.o(.text)
    __rt_memclr                              0x080004fb   Thumb Code     0  rt_memclr.o(.text)
    __aeabi_memclr4                          0x080004ff   Thumb Code     0  rt_memclr.o(.text)
    __aeabi_memclr8                          0x080004ff   Thumb Code     0  rt_memclr.o(.text)
    __rt_memclr_w                            0x080004ff   Thumb Code     4  rt_memclr.o(.text)
    strcmp                                   0x08000505   Thumb Code   132  strcmp.o(.text)
    __aeabi_uidiv                            0x0800058d   Thumb Code     0  aeabi_sdiv.o(.text)
    __aeabi_uidivmod                         0x0800058d   Thumb Code    20  aeabi_sdiv.o(.text)
    __aeabi_idiv                             0x080005a1   Thumb Code     0  aeabi_sdiv.o(.text)
    __aeabi_idivmod                          0x080005a1   Thumb Code   338  aeabi_sdiv.o(.text)
    __use_two_region_memory                  0x080006f9   Thumb Code     2  heapauxi.o(.text)
    __rt_heap_escrow                         0x080006fb   Thumb Code     2  heapauxi.o(.text)
    __rt_heap_expand                         0x080006fd   Thumb Code     2  heapauxi.o(.text)
    __I$use$semihosting                      0x080006ff   Thumb Code     0  use_no_semi.o(.text)
    __use_no_semihosting_swi                 0x080006ff   Thumb Code     2  use_no_semi.o(.text)
    _printf_pre_padding                      0x08000701   Thumb Code    44  _printf_pad.o(.text)
    _printf_post_padding                     0x0800072d   Thumb Code    34  _printf_pad.o(.text)
    _printf_truncate_signed                  0x0800074f   Thumb Code    18  _printf_truncate.o(.text)
    _printf_truncate_unsigned                0x08000761   Thumb Code    18  _printf_truncate.o(.text)
    _printf_str                              0x08000773   Thumb Code    82  _printf_str.o(.text)
    _printf_int_dec                          0x080007c5   Thumb Code    90  _printf_dec.o(.text)
    _printf_charcount                        0x08000831   Thumb Code    38  _printf_charcount.o(.text)
    _printf_char_file                        0x08000859   Thumb Code    34  _printf_char_file.o(.text)
    _printf_wctomb                           0x08000881   Thumb Code   182  _printf_wctomb.o(.text)
    _printf_longlong_dec                     0x0800093d   Thumb Code    94  _printf_longlong_dec.o(.text)
    _printf_longlong_oct                     0x080009ad   Thumb Code    68  _printf_oct_int_ll.o(.text)
    _printf_int_oct                          0x080009f1   Thumb Code    24  _printf_oct_int_ll.o(.text)
    _printf_ll_oct                           0x08000a09   Thumb Code    10  _printf_oct_int_ll.o(.text)
    _printf_longlong_hex                     0x08000a1d   Thumb Code    88  _printf_hex_int_ll_ptr.o(.text)
    _printf_int_hex                          0x08000a75   Thumb Code    28  _printf_hex_int_ll_ptr.o(.text)
    _printf_ll_hex                           0x08000a91   Thumb Code    10  _printf_hex_int_ll_ptr.o(.text)
    _printf_hex_ptr                          0x08000a9b   Thumb Code    22  _printf_hex_int_ll_ptr.o(.text)
    __printf                                 0x08000ab5   Thumb Code   386  __printf_flags_ss_wp.o(.text)
    _ll_udiv10                               0x08000c3d   Thumb Code   122  lludiv10.o(.text)
    _printf_int_common                       0x08000cb7   Thumb Code   176  _printf_intcommon.o(.text)
    _printf_fp_dec_real                      0x08000f05   Thumb Code   620  _printf_fp_dec.o(.text)
    _printf_fp_hex_real                      0x0800117d   Thumb Code   718  _printf_fp_hex.o(.text)
    _printf_char_common                      0x0800145f   Thumb Code    32  _printf_char_common.o(.text)
    _printf_cs_common                        0x08001485   Thumb Code    22  _printf_char.o(.text)
    _printf_char                             0x0800149b   Thumb Code    16  _printf_char.o(.text)
    _printf_string                           0x080014ab   Thumb Code     8  _printf_char.o(.text)
    _printf_lcs_common                       0x080014b3   Thumb Code    22  _printf_wchar.o(.text)
    _printf_wchar                            0x080014c9   Thumb Code    16  _printf_wchar.o(.text)
    _printf_wstring                          0x080014d9   Thumb Code     8  _printf_wchar.o(.text)
    ferror                                   0x080014e1   Thumb Code     8  ferror.o(.text)
    _initio                                  0x080014e9   Thumb Code   216  initio.o(.text)
    _terminateio                             0x080015c1   Thumb Code    56  initio.o(.text)
    _c16rtomb                                0x08001625   Thumb Code    66  _c16rtomb.o(.text)
    _wcrtomb                                 0x08001625   Thumb Code     0  _c16rtomb.o(.text)
    __rt_udiv10                              0x08001667   Thumb Code    40  rtudiv10.o(.text)
    __user_setup_stackheap                   0x0800168f   Thumb Code    62  sys_stackheap_outer.o(.text)
    __rt_ctype_table                         0x080016cd   Thumb Code    16  rt_ctype_table.o(.text)
    __rt_locale                              0x080016dd   Thumb Code     8  rt_locale_intlibspace.o(.text)
    free                                     0x080016e5   Thumb Code    76  h1_free.o(.text)
    _printf_fp_infnan                        0x08001731   Thumb Code   120  _printf_fp_infnan.o(.text)
    _btod_etento                             0x080017b9   Thumb Code   210  bigflt0.o(.text)
    _btod_d2e                                0x08001891   Thumb Code    64  btod.o(.text)
    _btod_emul                               0x08001cc5   Thumb Code    28  btod.o(.text)
    _btod_emuld                              0x08001ce1   Thumb Code   144  btod.o(.text)
    _btod_ediv                               0x08001d71   Thumb Code    26  btod.o(.text)
    _btod_edivd                              0x08001d8b   Thumb Code   124  btod.o(.text)
    setvbuf                                  0x08001e11   Thumb Code    72  setvbuf.o(.text)
    freopen                                  0x08001e5d   Thumb Code   154  fopen.o(.text)
    fopen                                    0x08001ef7   Thumb Code    76  fopen.o(.text)
    _fclose_internal                         0x08001f4d   Thumb Code    72  fclose.o(.text)
    fclose                                   0x08001f4d   Thumb Code     0  fclose.o(.text)
    exit                                     0x08001f99   Thumb Code    16  exit.o(.text)
    __rt_SIGRTRED                            0x08001fa9   Thumb Code    12  defsig_rtred_outer.o(.text)
    __user_libspace                          0x08001fb5   Thumb Code     8  libspace.o(.text)
    __user_perproc_libspace                  0x08001fb5   Thumb Code     0  libspace.o(.text)
    __user_perthread_libspace                0x08001fb5   Thumb Code     0  libspace.o(.text)
    __rt_heap_descriptor                     0x08001fbd   Thumb Code     8  rt_heap_descriptor_intlibspace.o(.text)
    __use_no_heap                            0x08001fc5   Thumb Code     2  hguard.o(.text)
    __heap$guard                             0x08001fc7   Thumb Code     2  hguard.o(.text)
    _terminate_user_alloc                    0x08001fc9   Thumb Code     2  init_alloc.o(.text)
    _init_user_alloc                         0x08001fcb   Thumb Code     2  init_alloc.o(.text)
    __Heap_Full                              0x08001fcd   Thumb Code    32  init_alloc.o(.text)
    __Heap_Broken                            0x08001fed   Thumb Code    10  init_alloc.o(.text)
    _init_alloc                              0x08001ff7   Thumb Code    90  init_alloc.o(.text)
    malloc                                   0x08002051   Thumb Code    98  h1_alloc.o(.text)
    _fseek                                   0x080020b5   Thumb Code   240  fseek.o(.text)
    fseek                                    0x080020b5   Thumb Code     0  fseek.o(.text)
    _seterr                                  0x080021a9   Thumb Code    20  stdio.o(.text)
    _writebuf                                0x080021bd   Thumb Code    76  stdio.o(.text)
    _fflush                                  0x08002209   Thumb Code    76  stdio.o(.text)
    _deferredlazyseek                        0x08002255   Thumb Code    60  stdio.o(.text)
    __sig_exit                               0x08002299   Thumb Code    12  defsig_exit.o(.text)
    __rt_SIGRTRED_inner                      0x080022a5   Thumb Code    14  defsig_rtred_inner.o(.text)
    __Heap_Initialize                        0x080022d9   Thumb Code    10  h1_init.o(.text)
    _maybe_terminate_alloc                   0x080022d9   Thumb Code     0  maybetermalloc1.o(.text)
    __Heap_DescSize                          0x080022e3   Thumb Code     4  h1_init.o(.text)
    __Heap_ProvideMemory                     0x080022e7   Thumb Code    52  h1_extend.o(.text)
    _ftell_internal                          0x0800231b   Thumb Code    66  ftell.o(.text)
    ftell                                    0x0800231b   Thumb Code     0  ftell.o(.text)
    __default_signal_display                 0x0800235d   Thumb Code    52  defsig_general.o(.text)
    __rt_SIGRTMEM                            0x08002391   Thumb Code    12  defsig_rtmem_outer.o(.text)
    __aeabi_errno_addr                       0x0800239d   Thumb Code     8  rt_errno_addr_intlibspace.o(.text)
    __errno$intlibspace                      0x0800239d   Thumb Code     0  rt_errno_addr_intlibspace.o(.text)
    __rt_errno_addr$intlibspace              0x0800239d   Thumb Code     0  rt_errno_addr_intlibspace.o(.text)
    __rt_SIGRTMEM_inner                      0x080023a5   Thumb Code    22  defsig_rtmem_inner.o(.text)
    _sys_open                                0x080023f5   Thumb Code    12  stdout.o(.text.$Sub$$_sys_open)
    AverageCalculation                       0x08002401   Thumb Code   160  main.o(.text.AverageCalculation)
    DMA1_Channel1_IRQHandler                 0x080024c1   Thumb Code    36  stm32f0xx_it.o(.text.DMA1_Channel1_IRQHandler)
    DMA_Control                              0x080024e9   Thumb Code    68  main.o(.text.DMA_Control)
    DMA_Reset                                0x0800252d   Thumb Code    44  main.o(.text.DMA_Reset)
    Error_Handler                            0x08002561   Thumb Code    14  main.o(.text.Error_Handler)
    EventRecordData                          0x080025f9   Thumb Code   472  eventrecorder.o(.text.EventRecordData)
    EventRecorderEnable                      0x080028c5   Thumb Code   144  eventrecorder.o(.text.EventRecorderEnable)
    EventRecorderInitialize                  0x08002959   Thumb Code   380  eventrecorder.o(.text.EventRecorderInitialize)
    EventRecorderStart                       0x08002af1   Thumb Code    60  eventrecorder.o(.text.EventRecorderStart)
    EventRecorderTimerGetCount               0x08002b31   Thumb Code    52  timebase.o(.text.EventRecorderTimerGetCount)
    EventRecorderTimerSetup                  0x08002b69   Thumb Code     4  timebase.o(.text.EventRecorderTimerSetup)
    HAL_GPIO_Init                            0x08002b89   Thumb Code   732  stm32f0xx_hal_gpio.o(.text.HAL_GPIO_Init)
    HAL_GPIO_TogglePin                       0x08002e89   Thumb Code    36  stm32f0xx_hal_gpio.o(.text.HAL_GPIO_TogglePin)
    HAL_GPIO_WritePin                        0x08002ead   Thumb Code    44  stm32f0xx_hal_gpio.o(.text.HAL_GPIO_WritePin)
    HAL_GetTick                              0x08002ed9   Thumb Code     8  stm32f0xx_hal.o(.text.HAL_GetTick)
    HAL_IncTick                              0x08002ee1   Thumb Code    32  timebase.o(.text.HAL_IncTick)
    HAL_Init                                 0x08002f11   Thumb Code    32  stm32f0xx_hal.o(.text.HAL_Init)
    HAL_InitTick                             0x08002f31   Thumb Code   100  stm32f0xx_hal.o(.text.HAL_InitTick)
    HAL_MspInit                              0x08002f9d   Thumb Code    52  stm32f0xx_hal_msp.o(.text.HAL_MspInit)
    HAL_NVIC_SetPriority                     0x08002fd9   Thumb Code    28  stm32f0xx_hal_cortex.o(.text.HAL_NVIC_SetPriority)
    HAL_RCC_ClockConfig                      0x08002ff5   Thumb Code   468  stm32f0xx_hal_rcc.o(.text.HAL_RCC_ClockConfig)
    HAL_RCC_GetSysClockFreq                  0x080031e1   Thumb Code   256  stm32f0xx_hal_rcc.o(.text.HAL_RCC_GetSysClockFreq)
    HAL_RCC_OscConfig                        0x080032f9   Thumb Code  1924  stm32f0xx_hal_rcc.o(.text.HAL_RCC_OscConfig)
    HAL_SYSTICK_Config                       0x08003a99   Thumb Code    16  stm32f0xx_hal_cortex.o(.text.HAL_SYSTICK_Config)
    HAL_TIMEx_MasterConfigSynchronization    0x08003aa9   Thumb Code   204  stm32f0xx_hal_tim_ex.o(.text.HAL_TIMEx_MasterConfigSynchronization)
    HAL_TIM_Base_Init                        0x08003b75   Thumb Code   158  stm32f0xx_hal_tim.o(.text.HAL_TIM_Base_Init)
    HAL_TIM_Base_MspInit                     0x08003c15   Thumb Code    84  stm32f0xx_hal_msp.o(.text.HAL_TIM_Base_MspInit)
    HAL_TIM_Base_Start                       0x08003c6d   Thumb Code   148  stm32f0xx_hal_tim.o(.text.HAL_TIM_Base_Start)
    HAL_TIM_Base_Start_IT                    0x08003d01   Thumb Code   160  stm32f0xx_hal_tim.o(.text.HAL_TIM_Base_Start_IT)
    HAL_TIM_ConfigClockSource                0x08003dad   Thumb Code   394  stm32f0xx_hal_tim.o(.text.HAL_TIM_ConfigClockSource)
    HAL_TIM_MspPostInit                      0x08003f39   Thumb Code    88  stm32f0xx_hal_msp.o(.text.HAL_TIM_MspPostInit)
    HAL_TIM_PWM_ConfigChannel                0x08003f99   Thumb Code   368  stm32f0xx_hal_tim.o(.text.HAL_TIM_PWM_ConfigChannel)
    HAL_TIM_PWM_Init                         0x08004109   Thumb Code   158  stm32f0xx_hal_tim.o(.text.HAL_TIM_PWM_Init)
    HAL_TIM_PWM_MspInit                      0x080041a7   Thumb Code     8  stm32f0xx_hal_tim.o(.text.HAL_TIM_PWM_MspInit)
    HAL_TIM_PWM_Start                        0x080041b1   Thumb Code   400  stm32f0xx_hal_tim.o(.text.HAL_TIM_PWM_Start)
    HardFault_Handler                        0x08004355   Thumb Code     4  stm32f0xx_it.o(.text.HardFault_Handler)
    LL_ADC_Init                              0x0800438d   Thumb Code    92  stm32f0xx_ll_adc.o(.text.LL_ADC_Init)
    LL_ADC_REG_Init                          0x08004411   Thumb Code    80  stm32f0xx_ll_adc.o(.text.LL_ADC_REG_Init)
    LL_GPIO_Init                             0x080047bd   Thumb Code   184  stm32f0xx_ll_gpio.o(.text.LL_GPIO_Init)
    NMI_Handler                              0x08004ce1   Thumb Code     4  stm32f0xx_it.o(.text.NMI_Handler)
    PendSV_Handler                           0x08004ce5   Thumb Code     2  stm32f0xx_it.o(.text.PendSV_Handler)
    SVC_Handler                              0x08004ce7   Thumb Code     2  stm32f0xx_it.o(.text.SVC_Handler)
    SysTick_Handler                          0x08004d39   Thumb Code     8  stm32f0xx_it.o(.text.SysTick_Handler)
    SystemClock_Config                       0x08004d41   Thumb Code    96  main.o(.text.SystemClock_Config)
    SystemInit                               0x08004da1   Thumb Code     2  system_stm32f0xx.o(.text.SystemInit)
    TIM_Base_SetConfig                       0x08004da5   Thumb Code   256  stm32f0xx_hal_tim.o(.text.TIM_Base_SetConfig)
    TIM_CCxChannelCmd                        0x08004ead   Thumb Code    50  stm32f0xx_hal_tim.o(.text.TIM_CCxChannelCmd)
    TIM_ETR_SetConfig                        0x08004edf   Thumb Code    54  stm32f0xx_hal_tim.o(.text.TIM_ETR_SetConfig)
    TIM_OC2_SetConfig                        0x08005041   Thumb Code   296  stm32f0xx_hal_tim.o(.text.TIM_OC2_SetConfig)
    _sys_close                               0x080055b5   Thumb Code    68  retarget_io.o(.text._sys_close)
    _sys_exit                                0x080055f9   Thumb Code     8  stdout.o(.text._sys_exit)
    _sys_flen                                0x08005601   Thumb Code    68  retarget_io.o(.text._sys_flen)
    _sys_istty                               0x08005645   Thumb Code    68  retarget_io.o(.text._sys_istty)
    _sys_seek                                0x08005689   Thumb Code    76  retarget_io.o(.text._sys_seek)
    _sys_write                               0x080056d5   Thumb Code   116  retarget_io.o(.text._sys_write)
    _ttywrch                                 0x08005755   Thumb Code     8  stdout.o(.text._ttywrch)
    fputc                                    0x080058c1   Thumb Code   132  stdout.o(.text.fputc)
    main                                     0x0800594d   Thumb Code   144  main.o(.text.main)
    __ARM_common_ll_muluu                    0x08005a65   Thumb Code    48  btod.o(i.__ARM_common_ll_muluu)
    __ARM_fpclassify                         0x08005a95   Thumb Code    40  fpclassify.o(i.__ARM_fpclassify)
    _is_digit                                0x08005ac1   Thumb Code    14  __printf_wp.o(i._is_digit)
    _get_lc_numeric                          0x08005ad1   Thumb Code    44  lc_numeric_c.o(locale$$code)
    _get_lc_ctype                            0x08005afd   Thumb Code    44  lc_ctype_c.o(locale$$code)
    _printf_fp_dec                           0x08005b29   Thumb Code    16  printf1.o(x$fpl$printf1)
    _printf_fp_hex                           0x08005b39   Thumb Code    16  printf2.o(x$fpl$printf2)
    __I$use$fp                               0x08005b48   Number         0  usenofp.o(x$fpl$usenofp)
    AHBPrescTable                            0x08005c44   Data          16  system_stm32f0xx.o(.rodata.AHBPrescTable)
    EventRecorderInfo                        0x08005c5c   Data          24  eventrecorder.o(.rodata.EventRecorderInfo)
    __stderr_name                            0x08005c94   Data           8  retarget_io.o(.rodata.__stderr_name)
    __stdin_name                             0x08005c9c   Data           7  retarget_io.o(.rodata.__stdin_name)
    __stdout_name                            0x08005ca3   Data           8  retarget_io.o(.rodata.__stdout_name)
    Region$$Table$$Base                      0x08005cc8   Number         0  anon$$obj.o(Region$$Table)
    Region$$Table$$Limit                     0x08005ce8   Number         0  anon$$obj.o(Region$$Table)
    __ctype                                  0x08005d11   Data           0  lc_ctype_c.o(locale$$data)
    __aeabi_stdin                            0x20000000   Data           4  stdio_streams.o(.data)
    __aeabi_stdout                           0x20000004   Data           4  stdio_streams.o(.data)
    __aeabi_stderr                           0x20000008   Data           4  stdio_streams.o(.data)
    SystemCoreClock                          0x2000000c   Data           4  system_stm32f0xx.o(.data.SystemCoreClock)
    uwTickFreq                               0x20000010   Data           1  stm32f0xx_hal.o(.data.uwTickFreq)
    uwTickPrio                               0x20000014   Data           4  stm32f0xx_hal.o(.data.uwTickPrio)
    __stdin                                  0x20000040   Data          84  stdio_streams.o(.bss)
    __stdout                                 0x20000094   Data          84  stdio_streams.o(.bss)
    __stderr                                 0x200000e8   Data          84  stdio_streams.o(.bss)
    __libspace_start                         0x2000013c   Data          96  libspace.o(.bss)
    ADC_Data                                 0x2000019c   Data         200  main.o(.bss.ADC_Data)
    __temporary_stack_top$libspace           0x2000019c   Data           0  libspace.o(.bss)
    AverageValue                             0x20000264   Data           4  main.o(.bss.AverageValue)
    DebugReady                               0x20000268   Data           1  main.o(.bss.DebugReady)
    Uavg                                     0x20000274   Data           4  main.o(.bss.Uavg)
    cnt_meas                                 0x20000278   Data           4  main.o(.bss.cnt_meas)
    debug_cnt                                0x2000027c   Data           1  main.o(.bss.debug_cnt)
    htim2                                    0x2000028c   Data          72  main.o(.bss.htim2)
    htim3                                    0x200002d4   Data          72  main.o(.bss.htim3)
    sumADC                                   0x200007f0   Data           4  main.o(.bss.sumADC)
    sumU                                     0x200007f4   Data           4  main.o(.bss.sumU)
    uwTick                                   0x200007f8   Data           4  stm32f0xx_hal.o(.bss.uwTick)



==============================================================================

Memory Map of the image

  Image Entry point : 0x080000c1

  Load Region LR_IROM1 (Base: 0x08000000, Size: 0x00005e80, Max: 0x00020000, ABSOLUTE)

    Execution Region ER_IROM1 (Exec base: 0x08000000, Load base: 0x08000000, Size: 0x00005e14, Max: 0x00020000, ABSOLUTE)

    Exec Addr    Load Addr    Size         Type   Attr      Idx    E Section Name        Object

    0x08000000   0x08000000   0x000000c0   Data   RO            3    RESET               startup_stm32f072xb.o
    0x080000c0   0x080000c0   0x00000008   Code   RO         1485  * !!!main             c_p.l(__main.o)
    0x080000c8   0x080000c8   0x0000003c   Code   RO         1952    !!!scatter          c_p.l(__scatter.o)
    0x08000104   0x08000104   0x0000001a   Code   RO         1954    !!handler_copy      c_p.l(__scatter_copy.o)
    0x0800011e   0x0800011e   0x00000002   PAD
    0x08000120   0x08000120   0x0000001c   Code   RO         1956    !!handler_zi        c_p.l(__scatter_zi.o)
    0x0800013c   0x0800013c   0x00000002   Code   RO         1577    .ARM.Collect$$_printf_percent$$00000000  c_p.l(_printf_percent.o)
    0x0800013e   0x0800013e   0x0000000a   Code   RO         1566    .ARM.Collect$$_printf_percent$$00000001  c_p.l(_printf_n.o)
    0x08000148   0x08000148   0x0000000a   Code   RO         1568    .ARM.Collect$$_printf_percent$$00000002  c_p.l(_printf_p.o)
    0x08000152   0x08000152   0x0000000a   Code   RO         1573    .ARM.Collect$$_printf_percent$$00000003  c_p.l(_printf_f.o)
    0x0800015c   0x0800015c   0x0000000a   Code   RO         1574    .ARM.Collect$$_printf_percent$$00000004  c_p.l(_printf_e.o)
    0x08000166   0x08000166   0x0000000a   Code   RO         1575    .ARM.Collect$$_printf_percent$$00000005  c_p.l(_printf_g.o)
    0x08000170   0x08000170   0x0000000a   Code   RO         1576    .ARM.Collect$$_printf_percent$$00000006  c_p.l(_printf_a.o)
    0x0800017a   0x0800017a   0x0000000a   Code   RO         1581    .ARM.Collect$$_printf_percent$$00000007  c_p.l(_printf_ll.o)
    0x08000184   0x08000184   0x0000000a   Code   RO         1570    .ARM.Collect$$_printf_percent$$00000008  c_p.l(_printf_i.o)
    0x0800018e   0x0800018e   0x0000000a   Code   RO         1571    .ARM.Collect$$_printf_percent$$00000009  c_p.l(_printf_d.o)
    0x08000198   0x08000198   0x0000000a   Code   RO         1572    .ARM.Collect$$_printf_percent$$0000000A  c_p.l(_printf_u.o)
    0x080001a2   0x080001a2   0x0000000a   Code   RO         1569    .ARM.Collect$$_printf_percent$$0000000B  c_p.l(_printf_o.o)
    0x080001ac   0x080001ac   0x0000000a   Code   RO         1567    .ARM.Collect$$_printf_percent$$0000000C  c_p.l(_printf_x.o)
    0x080001b6   0x080001b6   0x0000000a   Code   RO         1578    .ARM.Collect$$_printf_percent$$0000000D  c_p.l(_printf_lli.o)
    0x080001c0   0x080001c0   0x0000000a   Code   RO         1579    .ARM.Collect$$_printf_percent$$0000000E  c_p.l(_printf_lld.o)
    0x080001ca   0x080001ca   0x0000000a   Code   RO         1580    .ARM.Collect$$_printf_percent$$0000000F  c_p.l(_printf_llu.o)
    0x080001d4   0x080001d4   0x0000000a   Code   RO         1585    .ARM.Collect$$_printf_percent$$00000010  c_p.l(_printf_llo.o)
    0x080001de   0x080001de   0x0000000a   Code   RO         1586    .ARM.Collect$$_printf_percent$$00000011  c_p.l(_printf_llx.o)
    0x080001e8   0x080001e8   0x0000000a   Code   RO         1582    .ARM.Collect$$_printf_percent$$00000012  c_p.l(_printf_l.o)
    0x080001f2   0x080001f2   0x0000000a   Code   RO         1564    .ARM.Collect$$_printf_percent$$00000013  c_p.l(_printf_c.o)
    0x080001fc   0x080001fc   0x0000000a   Code   RO         1565    .ARM.Collect$$_printf_percent$$00000014  c_p.l(_printf_s.o)
    0x08000206   0x08000206   0x0000000a   Code   RO         1583    .ARM.Collect$$_printf_percent$$00000015  c_p.l(_printf_lc.o)
    0x08000210   0x08000210   0x0000000a   Code   RO         1584    .ARM.Collect$$_printf_percent$$00000016  c_p.l(_printf_ls.o)
    0x0800021a   0x0800021a   0x00000004   Code   RO         1635    .ARM.Collect$$_printf_percent$$00000017  c_p.l(_printf_percent_end.o)
    0x0800021e   0x0800021e   0x00000002   Code   RO         1758    .ARM.Collect$$libinit$$00000000  c_p.l(libinit.o)
    0x08000220   0x08000220   0x00000000   Code   RO         1760    .ARM.Collect$$libinit$$00000002  c_p.l(libinit2.o)
    0x08000220   0x08000220   0x00000000   Code   RO         1762    .ARM.Collect$$libinit$$00000004  c_p.l(libinit2.o)
    0x08000220   0x08000220   0x00000008   Code   RO         1763    .ARM.Collect$$libinit$$00000005  c_p.l(libinit2.o)
    0x08000228   0x08000228   0x00000000   Code   RO         1765    .ARM.Collect$$libinit$$0000000A  c_p.l(libinit2.o)
    0x08000228   0x08000228   0x00000000   Code   RO         1767    .ARM.Collect$$libinit$$0000000C  c_p.l(libinit2.o)
    0x08000228   0x08000228   0x00000000   Code   RO         1769    .ARM.Collect$$libinit$$0000000E  c_p.l(libinit2.o)
    0x08000228   0x08000228   0x00000006   Code   RO         1770    .ARM.Collect$$libinit$$0000000F  c_p.l(libinit2.o)
    0x0800022e   0x0800022e   0x00000000   Code   RO         1772    .ARM.Collect$$libinit$$00000011  c_p.l(libinit2.o)
    0x0800022e   0x0800022e   0x0000000c   Code   RO         1773    .ARM.Collect$$libinit$$00000012  c_p.l(libinit2.o)
    0x0800023a   0x0800023a   0x00000000   Code   RO         1774    .ARM.Collect$$libinit$$00000013  c_p.l(libinit2.o)
    0x0800023a   0x0800023a   0x00000000   Code   RO         1776    .ARM.Collect$$libinit$$00000015  c_p.l(libinit2.o)
    0x0800023a   0x0800023a   0x0000000a   Code   RO         1777    .ARM.Collect$$libinit$$00000016  c_p.l(libinit2.o)
    0x08000244   0x08000244   0x00000000   Code   RO         1778    .ARM.Collect$$libinit$$00000017  c_p.l(libinit2.o)
    0x08000244   0x08000244   0x00000000   Code   RO         1780    .ARM.Collect$$libinit$$00000019  c_p.l(libinit2.o)
    0x08000244   0x08000244   0x00000000   Code   RO         1782    .ARM.Collect$$libinit$$0000001B  c_p.l(libinit2.o)
    0x08000244   0x08000244   0x00000000   Code   RO         1784    .ARM.Collect$$libinit$$0000001D  c_p.l(libinit2.o)
    0x08000244   0x08000244   0x00000000   Code   RO         1786    .ARM.Collect$$libinit$$0000001F  c_p.l(libinit2.o)
    0x08000244   0x08000244   0x00000000   Code   RO         1788    .ARM.Collect$$libinit$$00000021  c_p.l(libinit2.o)
    0x08000244   0x08000244   0x00000000   Code   RO         1790    .ARM.Collect$$libinit$$00000023  c_p.l(libinit2.o)
    0x08000244   0x08000244   0x00000004   Code   RO         1791    .ARM.Collect$$libinit$$00000024  c_p.l(libinit2.o)
    0x08000248   0x08000248   0x00000000   Code   RO         1792    .ARM.Collect$$libinit$$00000025  c_p.l(libinit2.o)
    0x08000248   0x08000248   0x00000000   Code   RO         1796    .ARM.Collect$$libinit$$0000002C  c_p.l(libinit2.o)
    0x08000248   0x08000248   0x00000000   Code   RO         1798    .ARM.Collect$$libinit$$0000002E  c_p.l(libinit2.o)
    0x08000248   0x08000248   0x00000000   Code   RO         1800    .ARM.Collect$$libinit$$00000030  c_p.l(libinit2.o)
    0x08000248   0x08000248   0x00000000   Code   RO         1802    .ARM.Collect$$libinit$$00000032  c_p.l(libinit2.o)
    0x08000248   0x08000248   0x00000002   Code   RO         1803    .ARM.Collect$$libinit$$00000033  c_p.l(libinit2.o)
    0x0800024a   0x0800024a   0x00000002   Code   RO         1932    .ARM.Collect$$libshutdown$$00000000  c_p.l(libshutdown.o)
    0x0800024c   0x0800024c   0x00000000   Code   RO         1805    .ARM.Collect$$libshutdown$$00000002  c_p.l(libshutdown2.o)
    0x0800024c   0x0800024c   0x00000004   Code   RO         1806    .ARM.Collect$$libshutdown$$00000003  c_p.l(libshutdown2.o)
    0x08000250   0x08000250   0x00000000   Code   RO         1807    .ARM.Collect$$libshutdown$$00000004  c_p.l(libshutdown2.o)
    0x08000250   0x08000250   0x00000000   Code   RO         1810    .ARM.Collect$$libshutdown$$00000007  c_p.l(libshutdown2.o)
    0x08000250   0x08000250   0x00000000   Code   RO         1813    .ARM.Collect$$libshutdown$$0000000A  c_p.l(libshutdown2.o)
    0x08000250   0x08000250   0x00000000   Code   RO         1815    .ARM.Collect$$libshutdown$$0000000C  c_p.l(libshutdown2.o)
    0x08000250   0x08000250   0x00000000   Code   RO         1818    .ARM.Collect$$libshutdown$$0000000F  c_p.l(libshutdown2.o)
    0x08000250   0x08000250   0x00000002   Code   RO         1819    .ARM.Collect$$libshutdown$$00000010  c_p.l(libshutdown2.o)
    0x08000252   0x08000252   0x00000000   Code   RO         1489    .ARM.Collect$$rtentry$$00000000  c_p.l(__rtentry.o)
    0x08000252   0x08000252   0x00000000   Code   RO         1602    .ARM.Collect$$rtentry$$00000002  c_p.l(__rtentry2.o)
    0x08000252   0x08000252   0x00000006   Code   RO         1614    .ARM.Collect$$rtentry$$00000004  c_p.l(__rtentry4.o)
    0x08000258   0x08000258   0x00000000   Code   RO         1604    .ARM.Collect$$rtentry$$00000009  c_p.l(__rtentry2.o)
    0x08000258   0x08000258   0x00000004   Code   RO         1605    .ARM.Collect$$rtentry$$0000000A  c_p.l(__rtentry2.o)
    0x0800025c   0x0800025c   0x00000000   Code   RO         1607    .ARM.Collect$$rtentry$$0000000C  c_p.l(__rtentry2.o)
    0x0800025c   0x0800025c   0x00000008   Code   RO         1608    .ARM.Collect$$rtentry$$0000000D  c_p.l(__rtentry2.o)
    0x08000264   0x08000264   0x00000002   Code   RO         1829    .ARM.Collect$$rtexit$$00000000  c_p.l(rtexit.o)
    0x08000266   0x08000266   0x00000000   Code   RO         1878    .ARM.Collect$$rtexit$$00000002  c_p.l(rtexit2.o)
    0x08000266   0x08000266   0x00000004   Code   RO         1879    .ARM.Collect$$rtexit$$00000003  c_p.l(rtexit2.o)
    0x0800026a   0x0800026a   0x00000006   Code   RO         1880    .ARM.Collect$$rtexit$$00000004  c_p.l(rtexit2.o)
    0x08000270   0x08000270   0x00000038   Code   RO         1471    .emb_text           c_p.l(rt_memcpy.o)
    0x080002a8   0x080002a8   0x00000038   Code   RO            4    .text               startup_stm32f072xb.o
    0x080002e0   0x080002e0   0x00000002   Code   RO         1461    .text               c_p.l(use_no_semi_2.o)
    0x080002e2   0x080002e2   0x00000030   Code   RO         1465    .text               c_p.l(llmul.o)
    0x08000312   0x08000312   0x00000110   Code   RO         1467    .text               c_p.l(lludiv.o)
    0x08000422   0x08000422   0x00000002   PAD
    0x08000424   0x08000424   0x0000001c   Code   RO         1469    .text               c_p.l(printf.o)
    0x08000440   0x08000440   0x00000082   Code   RO         1472    .text               c_p.l(rt_memcpy.o)
    0x080004c2   0x080004c2   0x00000040   Code   RO         1475    .text               c_p.l(rt_memclr.o)
    0x08000502   0x08000502   0x00000002   PAD
    0x08000504   0x08000504   0x00000088   Code   RO         1477    .text               c_p.l(strcmp.o)
    0x0800058c   0x0800058c   0x0000016c   Code   RO         1479    .text               c_p.l(aeabi_sdiv.o)
    0x080006f8   0x080006f8   0x00000006   Code   RO         1483    .text               c_p.l(heapauxi.o)
    0x080006fe   0x080006fe   0x00000002   Code   RO         1487    .text               c_p.l(use_no_semi.o)
    0x08000700   0x08000700   0x0000004e   Code   RO         1500    .text               c_p.l(_printf_pad.o)
    0x0800074e   0x0800074e   0x00000024   Code   RO         1502    .text               c_p.l(_printf_truncate.o)
    0x08000772   0x08000772   0x00000052   Code   RO         1504    .text               c_p.l(_printf_str.o)
    0x080007c4   0x080007c4   0x0000006c   Code   RO         1506    .text               c_p.l(_printf_dec.o)
    0x08000830   0x08000830   0x00000026   Code   RO         1508    .text               c_p.l(_printf_charcount.o)
    0x08000856   0x08000856   0x00000002   PAD
    0x08000858   0x08000858   0x00000028   Code   RO         1510    .text               c_p.l(_printf_char_file.o)
    0x08000880   0x08000880   0x000000bc   Code   RO         1512    .text               c_p.l(_printf_wctomb.o)
    0x0800093c   0x0800093c   0x00000070   Code   RO         1515    .text               c_p.l(_printf_longlong_dec.o)
    0x080009ac   0x080009ac   0x00000070   Code   RO         1521    .text               c_p.l(_printf_oct_int_ll.o)
    0x08000a1c   0x08000a1c   0x00000098   Code   RO         1541    .text               c_p.l(_printf_hex_int_ll_ptr.o)
    0x08000ab4   0x08000ab4   0x00000188   Code   RO         1561    .text               c_p.l(__printf_flags_ss_wp.o)
    0x08000c3c   0x08000c3c   0x0000007a   Code   RO         1618    .text               c_p.l(lludiv10.o)
    0x08000cb6   0x08000cb6   0x000000b0   Code   RO         1620    .text               c_p.l(_printf_intcommon.o)
    0x08000d66   0x08000d66   0x00000002   PAD
    0x08000d68   0x08000d68   0x00000414   Code   RO         1622    .text               c_p.l(_printf_fp_dec.o)
    0x0800117c   0x0800117c   0x000002d8   Code   RO         1626    .text               c_p.l(_printf_fp_hex.o)
    0x08001454   0x08001454   0x00000030   Code   RO         1629    .text               c_p.l(_printf_char_common.o)
    0x08001484   0x08001484   0x0000002e   Code   RO         1631    .text               c_p.l(_printf_char.o)
    0x080014b2   0x080014b2   0x0000002e   Code   RO         1633    .text               c_p.l(_printf_wchar.o)
    0x080014e0   0x080014e0   0x00000008   Code   RO         1636    .text               c_p.l(ferror.o)
    0x080014e8   0x080014e8   0x0000013c   Code   RO         1638    .text               c_p.l(initio.o)
    0x08001624   0x08001624   0x00000042   Code   RO         1644    .text               c_p.l(_c16rtomb.o)
    0x08001666   0x08001666   0x00000028   Code   RO         1646    .text               c_p.l(rtudiv10.o)
    0x0800168e   0x0800168e   0x0000003e   Code   RO         1650    .text               c_p.l(sys_stackheap_outer.o)
    0x080016cc   0x080016cc   0x00000010   Code   RO         1653    .text               c_p.l(rt_ctype_table.o)
    0x080016dc   0x080016dc   0x00000008   Code   RO         1658    .text               c_p.l(rt_locale_intlibspace.o)
    0x080016e4   0x080016e4   0x0000004c   Code   RO         1662    .text               c_p.l(h1_free.o)
    0x08001730   0x08001730   0x00000088   Code   RO         1716    .text               c_p.l(_printf_fp_infnan.o)
    0x080017b8   0x080017b8   0x000000d8   Code   RO         1720    .text               c_p.l(bigflt0.o)
    0x08001890   0x08001890   0x00000580   Code   RO         1723    .text               c_p.l(btod.o)
    0x08001e10   0x08001e10   0x0000004c   Code   RO         1729    .text               c_p.l(setvbuf.o)
    0x08001e5c   0x08001e5c   0x000000f0   Code   RO         1732    .text               c_p.l(fopen.o)
    0x08001f4c   0x08001f4c   0x0000004c   Code   RO         1734    .text               c_p.l(fclose.o)
    0x08001f98   0x08001f98   0x00000010   Code   RO         1743    .text               c_p.l(exit.o)
    0x08001fa8   0x08001fa8   0x0000000c   Code   RO         1749    .text               c_p.l(defsig_rtred_outer.o)
    0x08001fb4   0x08001fb4   0x00000008   Code   RO         1825    .text               c_p.l(libspace.o)
    0x08001fbc   0x08001fbc   0x00000008   Code   RO         1836    .text               c_p.l(rt_heap_descriptor_intlibspace.o)
    0x08001fc4   0x08001fc4   0x00000004   Code   RO         1838    .text               c_p.l(hguard.o)
    0x08001fc8   0x08001fc8   0x00000088   Code   RO         1840    .text               c_p.l(init_alloc.o)
    0x08002050   0x08002050   0x00000062   Code   RO         1846    .text               c_p.l(h1_alloc.o)
    0x080020b2   0x080020b2   0x00000002   PAD
    0x080020b4   0x080020b4   0x000000f4   Code   RO         1860    .text               c_p.l(fseek.o)
    0x080021a8   0x080021a8   0x000000f0   Code   RO         1862    .text               c_p.l(stdio.o)
    0x08002298   0x08002298   0x0000000c   Code   RO         1867    .text               c_p.l(defsig_exit.o)
    0x080022a4   0x080022a4   0x00000034   Code   RO         1871    .text               c_p.l(defsig_rtred_inner.o)
    0x080022d8   0x080022d8   0x00000000   Code   RO         1884    .text               c_p.l(maybetermalloc1.o)
    0x080022d8   0x080022d8   0x0000000e   Code   RO         1886    .text               c_p.l(h1_init.o)
    0x080022e6   0x080022e6   0x00000034   Code   RO         1888    .text               c_p.l(h1_extend.o)
    0x0800231a   0x0800231a   0x00000042   Code   RO         1894    .text               c_p.l(ftell.o)
    0x0800235c   0x0800235c   0x00000034   Code   RO         1898    .text               c_p.l(defsig_general.o)
    0x08002390   0x08002390   0x0000000c   Code   RO         1900    .text               c_p.l(defsig_rtmem_outer.o)
    0x0800239c   0x0800239c   0x00000008   Code   RO         1920    .text               c_p.l(rt_errno_addr_intlibspace.o)
    0x080023a4   0x080023a4   0x00000050   Code   RO         1926    .text               c_p.l(defsig_rtmem_inner.o)
    0x080023f4   0x080023f4   0x0000000c   Code   RO         1335    .text.$Sub$$_sys_open  stdout.o
    0x08002400   0x08002400   0x000000c0   Code   RO           27    .text.AverageCalculation  main.o
    0x080024c0   0x080024c0   0x00000028   Code   RO          115    .text.DMA1_Channel1_IRQHandler  stm32f0xx_it.o
    0x080024e8   0x080024e8   0x00000044   Code   RO           11    .text.DMA_Control   main.o
    0x0800252c   0x0800252c   0x00000034   Code   RO           21    .text.DMA_Reset     main.o
    0x08002560   0x08002560   0x0000000e   Code   RO           47    .text.Error_Handler  main.o
    0x0800256e   0x0800256e   0x00000002   PAD
    0x08002570   0x08002570   0x00000034   Code   RO         1389    .text.EventCheckFilter  eventrecorder.o
    0x080025a4   0x080025a4   0x00000054   Code   RO         1375    .text.EventGetTS    eventrecorder.o
    0x080025f8   0x080025f8   0x000001dc   Code   RO         1387    .text.EventRecordData  eventrecorder.o
    0x080027d4   0x080027d4   0x000000f0   Code   RO         1377    .text.EventRecordItem  eventrecorder.o
    0x080028c4   0x080028c4   0x00000094   Code   RO         1373    .text.EventRecorderEnable  eventrecorder.o
    0x08002958   0x08002958   0x00000198   Code   RO         1369    .text.EventRecorderInitialize  eventrecorder.o
    0x08002af0   0x08002af0   0x00000040   Code   RO         1379    .text.EventRecorderStart  eventrecorder.o
    0x08002b30   0x08002b30   0x00000038   Code   RO         1356    .text.EventRecorderTimerGetCount  timebase.o
    0x08002b68   0x08002b68   0x00000004   Code   RO         1358    .text.EventRecorderTimerSetup  timebase.o
    0x08002b6c   0x08002b6c   0x0000000c   Code   RO         1391    .text.GetContext    eventrecorder.o
    0x08002b78   0x08002b78   0x00000010   Code   RO         1407    .text.GetRecordIndex  eventrecorder.o
    0x08002b88   0x08002b88   0x00000300   Code   RO          555    .text.HAL_GPIO_Init  stm32f0xx_hal_gpio.o
    0x08002e88   0x08002e88   0x00000024   Code   RO          563    .text.HAL_GPIO_TogglePin  stm32f0xx_hal_gpio.o
    0x08002eac   0x08002eac   0x0000002c   Code   RO          561    .text.HAL_GPIO_WritePin  stm32f0xx_hal_gpio.o
    0x08002ed8   0x08002ed8   0x00000008   Code   RO          323    .text.HAL_GetTick   stm32f0xx_hal.o
    0x08002ee0   0x08002ee0   0x00000030   Code   RO         1352    .text.HAL_IncTick   timebase.o
    0x08002f10   0x08002f10   0x00000020   Code   RO          311    .text.HAL_Init      stm32f0xx_hal.o
    0x08002f30   0x08002f30   0x0000006c   Code   RO          313    .text.HAL_InitTick  stm32f0xx_hal.o
    0x08002f9c   0x08002f9c   0x0000003c   Code   RO          128    .text.HAL_MspInit   stm32f0xx_hal_msp.o
    0x08002fd8   0x08002fd8   0x0000001c   Code   RO          613    .text.HAL_NVIC_SetPriority  stm32f0xx_hal_cortex.o
    0x08002ff4   0x08002ff4   0x000001ec   Code   RO          249    .text.HAL_RCC_ClockConfig  stm32f0xx_hal_rcc.o
    0x080031e0   0x080031e0   0x00000118   Code   RO          251    .text.HAL_RCC_GetSysClockFreq  stm32f0xx_hal_rcc.o
    0x080032f8   0x080032f8   0x000007a0   Code   RO          247    .text.HAL_RCC_OscConfig  stm32f0xx_hal_rcc.o
    0x08003a98   0x08003a98   0x00000010   Code   RO          629    .text.HAL_SYSTICK_Config  stm32f0xx_hal_cortex.o
    0x08003aa8   0x08003aa8   0x000000cc   Code   RO         1296    .text.HAL_TIMEx_MasterConfigSynchronization  stm32f0xx_hal_tim_ex.o
    0x08003b74   0x08003b74   0x0000009e   Code   RO          983    .text.HAL_TIM_Base_Init  stm32f0xx_hal_tim.o
    0x08003c12   0x08003c12   0x00000002   PAD
    0x08003c14   0x08003c14   0x00000058   Code   RO          130    .text.HAL_TIM_Base_MspInit  stm32f0xx_hal_msp.o
    0x08003c6c   0x08003c6c   0x00000094   Code   RO          993    .text.HAL_TIM_Base_Start  stm32f0xx_hal_tim.o
    0x08003d00   0x08003d00   0x000000ac   Code   RO          997    .text.HAL_TIM_Base_Start_IT  stm32f0xx_hal_tim.o
    0x08003dac   0x08003dac   0x0000018a   Code   RO         1175    .text.HAL_TIM_ConfigClockSource  stm32f0xx_hal_tim.o
    0x08003f36   0x08003f36   0x00000002   PAD
    0x08003f38   0x08003f38   0x00000060   Code   RO          132    .text.HAL_TIM_MspPostInit  stm32f0xx_hal_msp.o
    0x08003f98   0x08003f98   0x00000170   Code   RO         1149    .text.HAL_TIM_PWM_ConfigChannel  stm32f0xx_hal_tim.o
    0x08004108   0x08004108   0x0000009e   Code   RO         1037    .text.HAL_TIM_PWM_Init  stm32f0xx_hal_tim.o
    0x080041a6   0x080041a6   0x00000008   Code   RO         1039    .text.HAL_TIM_PWM_MspInit  stm32f0xx_hal_tim.o
    0x080041ae   0x080041ae   0x00000002   PAD
    0x080041b0   0x080041b0   0x000001a4   Code   RO         1045    .text.HAL_TIM_PWM_Start  stm32f0xx_hal_tim.o
    0x08004354   0x08004354   0x00000004   Code   RO          107    .text.HardFault_Handler  stm32f0xx_it.o
    0x08004358   0x08004358   0x0000000c   Code   RO         1415    .text.IncrementRecordsDumped  eventrecorder.o
    0x08004364   0x08004364   0x00000010   Code   RO         1413    .text.IncrementRecordsWritten  eventrecorder.o
    0x08004374   0x08004374   0x00000018   Code   RO           45    .text.LL_ADC_Enable  main.o
    0x0800438c   0x0800438c   0x00000060   Code   RO          165    .text.LL_ADC_Init   stm32f0xx_ll_adc.o
    0x080043ec   0x080043ec   0x00000014   Code   RO           69    .text.LL_ADC_IsCalibrationOnGoing  main.o
    0x08004400   0x08004400   0x00000010   Code   RO          151    .text.LL_ADC_IsEnabled  stm32f0xx_ll_adc.o
    0x08004410   0x08004410   0x00000054   Code   RO          169    .text.LL_ADC_REG_Init  stm32f0xx_ll_adc.o
    0x08004464   0x08004464   0x0000001c   Code   RO           73    .text.LL_ADC_REG_SetSequencerChAdd  main.o
    0x08004480   0x08004480   0x0000001a   Code   RO           75    .text.LL_ADC_REG_SetSequencerScanDirection  main.o
    0x0800449a   0x0800449a   0x0000001c   Code   RO           79    .text.LL_ADC_REG_SetTriggerEdge  main.o
    0x080044b6   0x080044b6   0x00000002   PAD
    0x080044b8   0x080044b8   0x0000001c   Code   RO           29    .text.LL_ADC_REG_StartConversion  main.o
    0x080044d4   0x080044d4   0x0000001a   Code   RO           77    .text.LL_ADC_SetSamplingTimeCommonChannels  main.o
    0x080044ee   0x080044ee   0x0000001a   Code   RO           67    .text.LL_ADC_StartCalibration  main.o
    0x08004508   0x08004508   0x00000020   Code   RO           51    .text.LL_AHB1_GRP1_EnableClock  main.o
    0x08004528   0x08004528   0x00000020   Code   RO           49    .text.LL_APB1_GRP2_EnableClock  main.o
    0x08004548   0x08004548   0x0000000e   Code   RO          119    .text.LL_DMA_ClearFlag_TC1  stm32f0xx_it.o
    0x08004556   0x08004556   0x00000002   PAD
    0x08004558   0x08004558   0x00000020   Code   RO           17    .text.LL_DMA_DisableChannel  main.o
    0x08004578   0x08004578   0x00000020   Code   RO           19    .text.LL_DMA_DisableIT_TC  main.o
    0x08004598   0x08004598   0x00000020   Code   RO           15    .text.LL_DMA_EnableChannel  main.o
    0x080045b8   0x080045b8   0x00000020   Code   RO           13    .text.LL_DMA_EnableIT_TC  main.o
    0x080045d8   0x080045d8   0x00000012   Code   RO          117    .text.LL_DMA_IsActiveFlag_TC1  stm32f0xx_it.o
    0x080045ea   0x080045ea   0x00000002   PAD
    0x080045ec   0x080045ec   0x00000030   Code   RO           55    .text.LL_DMA_SetChannelPriorityLevel  main.o
    0x0800461c   0x0800461c   0x00000038   Code   RO           23    .text.LL_DMA_SetDataLength  main.o
    0x08004654   0x08004654   0x00000034   Code   RO           53    .text.LL_DMA_SetDataTransferDirection  main.o
    0x08004688   0x08004688   0x00000020   Code   RO           25    .text.LL_DMA_SetMemoryAddress  main.o
    0x080046a8   0x080046a8   0x00000030   Code   RO           61    .text.LL_DMA_SetMemoryIncMode  main.o
    0x080046d8   0x080046d8   0x00000030   Code   RO           65    .text.LL_DMA_SetMemorySize  main.o
    0x08004708   0x08004708   0x00000030   Code   RO           57    .text.LL_DMA_SetMode  main.o
    0x08004738   0x08004738   0x00000020   Code   RO           71    .text.LL_DMA_SetPeriphAddress  main.o
    0x08004758   0x08004758   0x00000030   Code   RO           59    .text.LL_DMA_SetPeriphIncMode  main.o
    0x08004788   0x08004788   0x00000034   Code   RO           63    .text.LL_DMA_SetPeriphSize  main.o
    0x080047bc   0x080047bc   0x000000b8   Code   RO          186    .text.LL_GPIO_Init  stm32f0xx_ll_gpio.o
    0x08004874   0x08004874   0x0000002c   Code   RO          194    .text.LL_GPIO_SetAFPin_0_7  stm32f0xx_ll_gpio.o
    0x080048a0   0x080048a0   0x0000002e   Code   RO          196    .text.LL_GPIO_SetAFPin_8_15  stm32f0xx_ll_gpio.o
    0x080048ce   0x080048ce   0x00000024   Code   RO          198    .text.LL_GPIO_SetPinMode  stm32f0xx_ll_gpio.o
    0x080048f2   0x080048f2   0x0000001e   Code   RO          190    .text.LL_GPIO_SetPinOutputType  stm32f0xx_ll_gpio.o
    0x08004910   0x08004910   0x00000024   Code   RO          192    .text.LL_GPIO_SetPinPull  stm32f0xx_ll_gpio.o
    0x08004934   0x08004934   0x00000024   Code   RO          188    .text.LL_GPIO_SetPinSpeed  stm32f0xx_ll_gpio.o
    0x08004958   0x08004958   0x00000058   Code   RO         1409    .text.LockRecord    eventrecorder.o
    0x080049b0   0x080049b0   0x00000010   Code   RO         1397    .text.LockTS_Overflow  eventrecorder.o
    0x080049c0   0x080049c0   0x0000011c   Code   RO           39    .text.MX_ADC_Init   main.o
    0x08004adc   0x08004adc   0x00000030   Code   RO           37    .text.MX_DMA_Init   main.o
    0x08004b0c   0x08004b0c   0x0000008c   Code   RO           35    .text.MX_GPIO_Init  main.o
    0x08004b98   0x08004b98   0x0000007c   Code   RO           41    .text.MX_TIM2_Init  main.o
    0x08004c14   0x08004c14   0x000000cc   Code   RO           43    .text.MX_TIM3_Init  main.o
    0x08004ce0   0x08004ce0   0x00000004   Code   RO          105    .text.NMI_Handler   stm32f0xx_it.o
    0x08004ce4   0x08004ce4   0x00000002   Code   RO          111    .text.PendSV_Handler  stm32f0xx_it.o
    0x08004ce6   0x08004ce6   0x00000002   Code   RO          109    .text.SVC_Handler   stm32f0xx_it.o
    0x08004ce8   0x08004ce8   0x00000050   Code   RO          631    .text.SysTick_Config  stm32f0xx_hal_cortex.o
    0x08004d38   0x08004d38   0x00000008   Code   RO          113    .text.SysTick_Handler  stm32f0xx_it.o
    0x08004d40   0x08004d40   0x00000060   Code   RO           33    .text.SystemClock_Config  main.o
    0x08004da0   0x08004da0   0x00000002   Code   RO         1321    .text.SystemInit    system_stm32f0xx.o
    0x08004da2   0x08004da2   0x00000002   PAD
    0x08004da4   0x08004da4   0x00000108   Code   RO          987    .text.TIM_Base_SetConfig  stm32f0xx_hal_tim.o
    0x08004eac   0x08004eac   0x00000032   Code   RO         1021    .text.TIM_CCxChannelCmd  stm32f0xx_hal_tim.o
    0x08004ede   0x08004ede   0x00000036   Code   RO         1173    .text.TIM_ETR_SetConfig  stm32f0xx_hal_tim.o
    0x08004f14   0x08004f14   0x0000002a   Code   RO         1179    .text.TIM_ITRx_SetConfig  stm32f0xx_hal_tim.o
    0x08004f3e   0x08004f3e   0x00000002   PAD
    0x08004f40   0x08004f40   0x00000100   Code   RO         1131    .text.TIM_OC1_SetConfig  stm32f0xx_hal_tim.o
    0x08005040   0x08005040   0x00000138   Code   RO         1133    .text.TIM_OC2_SetConfig  stm32f0xx_hal_tim.o
    0x08005178   0x08005178   0x00000124   Code   RO         1135    .text.TIM_OC3_SetConfig  stm32f0xx_hal_tim.o
    0x0800529c   0x0800529c   0x000000c8   Code   RO         1137    .text.TIM_OC4_SetConfig  stm32f0xx_hal_tim.o
    0x08005364   0x08005364   0x00000050   Code   RO         1177    .text.TIM_TI1_ConfigInputStage  stm32f0xx_hal_tim.o
    0x080053b4   0x080053b4   0x00000054   Code   RO         1181    .text.TIM_TI2_ConfigInputStage  stm32f0xx_hal_tim.o
    0x08005408   0x08005408   0x0000004e   Code   RO         1411    .text.UnlockRecord  eventrecorder.o
    0x08005456   0x08005456   0x00000002   PAD
    0x08005458   0x08005458   0x00000010   Code   RO         1399    .text.UnlockTS_Overflow  eventrecorder.o
    0x08005468   0x08005468   0x00000018   Code   RO         1401    .text.UpdateTS      eventrecorder.o
    0x08005480   0x08005480   0x0000002c   Code   RO           83    .text.__NVIC_EnableIRQ  main.o
    0x080054ac   0x080054ac   0x00000080   Code   RO           81    .text.__NVIC_SetPriority  main.o
    0x0800552c   0x0800552c   0x00000088   Code   RO          615    .text.__NVIC_SetPriority  stm32f0xx_hal_cortex.o
    0x080055b4   0x080055b4   0x00000044   Code   RO         1433    .text._sys_close    retarget_io.o
    0x080055f8   0x080055f8   0x00000008   Code   RO         1337    .text._sys_exit     stdout.o
    0x08005600   0x08005600   0x00000044   Code   RO         1445    .text._sys_flen     retarget_io.o
    0x08005644   0x08005644   0x00000044   Code   RO         1441    .text._sys_istty    retarget_io.o
    0x08005688   0x08005688   0x0000004c   Code   RO         1443    .text._sys_seek     retarget_io.o
    0x080056d4   0x080056d4   0x00000080   Code   RO         1435    .text._sys_write    retarget_io.o
    0x08005754   0x08005754   0x00000008   Code   RO         1339    .text._ttywrch      stdout.o
    0x0800575c   0x0800575c   0x00000036   Code   RO         1417    .text.atomic_inc32  eventrecorder.o
    0x08005792   0x08005792   0x0000003a   Code   RO         1419    .text.atomic_inc8   eventrecorder.o
    0x080057cc   0x080057cc   0x00000036   Code   RO         1405    .text.atomic_wr32   eventrecorder.o
    0x08005802   0x08005802   0x0000003c   Code   RO         1403    .text.atomic_wr8    eventrecorder.o
    0x0800583e   0x0800583e   0x00000002   PAD
    0x08005840   0x08005840   0x00000080   Code   RO         1371    .text.crc16_ccitt   eventrecorder.o
    0x080058c0   0x080058c0   0x0000008c   Code   RO         1341    .text.fputc         stdout.o
    0x0800594c   0x0800594c   0x000000b4   Code   RO           31    .text.main          main.o
    0x08005a00   0x08005a00   0x00000064   Code   RO         1437    .text.stdout_putchar  retarget_io.o
    0x08005a64   0x08005a64   0x00000030   Code   RO         1725    i.__ARM_common_ll_muluu  c_p.l(btod.o)
    0x08005a94   0x08005a94   0x0000002c   Code   RO         1823    i.__ARM_fpclassify  m_ps.l(fpclassify.o)
    0x08005ac0   0x08005ac0   0x0000000e   Code   RO         1554    i._is_digit         c_p.l(__printf_wp.o)
    0x08005ace   0x08005ace   0x00000002   PAD
    0x08005ad0   0x08005ad0   0x0000002c   Code   RO         1741    locale$$code        c_p.l(lc_numeric_c.o)
    0x08005afc   0x08005afc   0x0000002c   Code   RO         1865    locale$$code        c_p.l(lc_ctype_c.o)
    0x08005b28   0x08005b28   0x00000010   Code   RO         1593    x$fpl$printf1       fz_ps.l(printf1.o)
    0x08005b38   0x08005b38   0x00000010   Code   RO         1595    x$fpl$printf2       fz_ps.l(printf2.o)
    0x08005b48   0x08005b48   0x00000000   Code   RO         1822    x$fpl$usenofp       fz_ps.l(usenofp.o)
    0x08005b48   0x08005b48   0x00000008   Data   RO         1513    .constdata          c_p.l(_printf_wctomb.o)
    0x08005b50   0x08005b50   0x00000028   Data   RO         1542    .constdata          c_p.l(_printf_hex_int_ll_ptr.o)
    0x08005b78   0x08005b78   0x00000011   Data   RO         1562    .constdata          c_p.l(__printf_flags_ss_wp.o)
    0x08005b89   0x08005b89   0x00000026   Data   RO         1627    .constdata          c_p.l(_printf_fp_hex.o)
    0x08005baf   0x08005baf   0x00000001   PAD
    0x08005bb0   0x08005bb0   0x00000094   Data   RO         1721    .constdata          c_p.l(bigflt0.o)
    0x08005c44   0x08005c44   0x00000010   Data   RO         1326    .rodata.AHBPrescTable  system_stm32f0xx.o
    0x08005c54   0x08005c54   0x00000007   Data   RO           96    .rodata.CHANNEL_OFFSET_TAB  main.o
    0x08005c5b   0x08005c5b   0x00000001   PAD
    0x08005c5c   0x08005c5c   0x00000018   Data   RO         1422    .rodata.EventRecorderInfo  eventrecorder.o
    0x08005c74   0x08005c74   0x00000010   Data   RO          271    .rodata.HAL_RCC_GetSysClockFreq.aPLLMULFactorTable  stm32f0xx_hal_rcc.o
    0x08005c84   0x08005c84   0x00000010   Data   RO          272    .rodata.HAL_RCC_GetSysClockFreq.aPredivFactorTable  stm32f0xx_hal_rcc.o
    0x08005c94   0x08005c94   0x00000008   Data   RO         1449    .rodata.__stderr_name  retarget_io.o
    0x08005c9c   0x08005c9c   0x00000007   Data   RO         1447    .rodata.__stdin_name  retarget_io.o
    0x08005ca3   0x08005ca3   0x00000008   Data   RO         1448    .rodata.__stdout_name  retarget_io.o
    0x08005cab   0x08005cab   0x0000001b   Data   RO           95    .rodata.str1.1      main.o
    0x08005cc6   0x08005cc6   0x00000002   PAD
    0x08005cc8   0x08005cc8   0x00000020   Data   RO         1951    Region$$Table       anon$$obj.o
    0x08005ce8   0x08005ce8   0x0000001c   Data   RO         1740    locale$$data        c_p.l(lc_numeric_c.o)
    0x08005d04   0x08005d04   0x00000110   Data   RO         1864    locale$$data        c_p.l(lc_ctype_c.o)


    Execution Region RW_IRAM1 (Exec base: 0x20000000, Load base: 0x08005e40, Size: 0x00000e00, Max: 0x00004000, ABSOLUTE)

    Exec Addr    Load Addr    Size         Type   Attr      Idx    E Section Name        Object

    0x20000000   0x08005e40   0x00000004   Data   RW         1590    .data               c_p.l(stdio_streams.o)
    0x20000004   0x08005e44   0x00000004   Data   RW         1591    .data               c_p.l(stdio_streams.o)
    0x20000008   0x08005e48   0x00000004   Data   RW         1592    .data               c_p.l(stdio_streams.o)
    0x2000000c   0x08005e4c   0x00000004   Data   RW         1325    .data.SystemCoreClock  system_stm32f0xx.o
    0x20000010   0x08005e50   0x00000001   Data   RW          358    .data.uwTickFreq    stm32f0xx_hal.o
    0x20000011   0x08005e51   0x00000003   PAD
    0x20000014   0x08005e54   0x00000004   Data   RW          357    .data.uwTickPrio    stm32f0xx_hal.o
    0x20000018   0x08005e58   0x00000028   PAD
    0x20000040        -       0x00000054   Zero   RW         1587    .bss                c_p.l(stdio_streams.o)
    0x20000094        -       0x00000054   Zero   RW         1588    .bss                c_p.l(stdio_streams.o)
    0x200000e8        -       0x00000054   Zero   RW         1589    .bss                c_p.l(stdio_streams.o)
    0x2000013c        -       0x00000060   Zero   RW         1826    .bss                c_p.l(libspace.o)
    0x2000019c        -       0x000000c8   Zero   RW           92    .bss.ADC_Data       main.o
    0x20000264        -       0x00000004   Zero   RW           86    .bss.AverageValue   main.o
    0x20000268        -       0x00000001   Zero   RW           85    .bss.DebugReady     main.o
    0x20000269   0x08005e58   0x00000003   PAD
    0x2000026c        -       0x00000004   Zero   RW         1360    .bss.SysTickCount   timebase.o
    0x20000270        -       0x00000001   Zero   RW         1361    .bss.SysTickUpdated  timebase.o
    0x20000271        -       0x00000001   Zero   RW         1423    .bss.TS_OverflowLock  eventrecorder.o
    0x20000272   0x08005e58   0x00000002   PAD
    0x20000274        -       0x00000004   Zero   RW           89    .bss.Uavg           main.o
    0x20000278        -       0x00000004   Zero   RW           91    .bss.cnt_meas       main.o
    0x2000027c        -       0x00000001   Zero   RW           90    .bss.debug_cnt      main.o
    0x2000027d        -       0x00000008   Zero   RW         1344    .bss.fputc.buffer   stdout.o
    0x20000285   0x08005e58   0x00000003   PAD
    0x20000288        -       0x00000004   Zero   RW         1343    .bss.fputc.index    stdout.o
    0x2000028c        -       0x00000048   Zero   RW           94    .bss.htim2          main.o
    0x200002d4        -       0x00000048   Zero   RW           93    .bss.htim3          main.o
    0x2000031c   0x08005e58   0x00000024   PAD
    0x20000340        -       0x000004a4   Zero   RW         1421    .bss.noinit         eventrecorder.o
    0x200007e4        -       0x00000008   Zero   RW         1452    .bss.stdout_putchar.buffer  retarget_io.o
    0x200007ec        -       0x00000004   Zero   RW         1451    .bss.stdout_putchar.index  retarget_io.o
    0x200007f0        -       0x00000004   Zero   RW           87    .bss.sumADC         main.o
    0x200007f4        -       0x00000004   Zero   RW           88    .bss.sumU           main.o
    0x200007f8        -       0x00000004   Zero   RW          359    .bss.uwTick         stm32f0xx_hal.o
    0x200007fc   0x08005e58   0x00000004   PAD
    0x20000800        -       0x00000200   Zero   RW            2    HEAP                startup_stm32f072xb.o
    0x20000a00        -       0x00000400   Zero   RW            1    STACK               startup_stm32f072xb.o


==============================================================================

Image component sizes


      Code (inc. data)   RO Data    RW Data    ZI Data      Debug   Object Name

      2104         76         24          0       1189       8468   eventrecorder.o
      2436        144         34          0        366      13731   main.o
       508         24         23          0         12       2645   retarget_io.o
        56         26        192          0       1536        612   startup_stm32f072xb.o
       168          8          0          0         12       1452   stdout.o
       148          8          0          5          4       5271   stm32f0xx_hal.o
       260         20          0          0          0       5253   stm32f0xx_hal_cortex.o
       848         36          0          0          0       4533   stm32f0xx_hal_gpio.o
       244         20          0          0          0       4892   stm32f0xx_hal_msp.o
      2724        152         32          0          0       7914   stm32f0xx_hal_rcc.o
      3460        124          0          0          0      37023   stm32f0xx_hal_tim.o
       204          0          0          0          0      15582   stm32f0xx_hal_tim_ex.o
        92          4          0          0          0       1810   stm32f0xx_it.o
       196          8          0          0          0       4277   stm32f0xx_ll_adc.o
       412          0          0          0          0       3593   stm32f0xx_ll_gpio.o
         2          0         16          4          0       1634   system_stm32f0xx.o
       108         20          0          0          5       1290   timebase.o

    ----------------------------------------------------------------------
     13992        670        356         12       3212     119980   Object Totals
         0          0         32          0          0          0   (incl. Generated)
        22          0          3          3         88          0   (incl. Padding)

    ----------------------------------------------------------------------

      Code (inc. data)   RO Data    RW Data    ZI Data      Debug   Library Member Name

         8          0          0          0          0         68   __main.o
       392          6         17          0          0         76   __printf_flags_ss_wp.o
        14          0          0          0          0         60   __printf_wp.o
         0          0          0          0          0          0   __rtentry.o
        12          0          0          0          0          0   __rtentry2.o
         6          0          0          0          0          0   __rtentry4.o
        60          8          0          0          0          0   __scatter.o
        26          0          0          0          0          0   __scatter_copy.o
        28          0          0          0          0          0   __scatter_zi.o
        66          0          0          0          0         76   _c16rtomb.o
        10          0          0          0          0          0   _printf_a.o
        10          0          0          0          0          0   _printf_c.o
        46          0          0          0          0        100   _printf_char.o
        48          6          0          0          0         88   _printf_char_common.o
        40          6          0          0          0         72   _printf_char_file.o
        38          0          0          0          0         60   _printf_charcount.o
        10          0          0          0          0          0   _printf_d.o
       108         18          0          0          0         76   _printf_dec.o
        10          0          0          0          0          0   _printf_e.o
        10          0          0          0          0          0   _printf_f.o
      1044         12          0          0          0        116   _printf_fp_dec.o
       728         10         38          0          0         84   _printf_fp_hex.o
       136         16          0          0          0         76   _printf_fp_infnan.o
        10          0          0          0          0          0   _printf_g.o
       152          4         40          0          0        148   _printf_hex_int_ll_ptr.o
        10          0          0          0          0          0   _printf_i.o
       176          0          0          0          0         84   _printf_intcommon.o
        10          0          0          0          0          0   _printf_l.o
        10          0          0          0          0          0   _printf_lc.o
        10          0          0          0          0          0   _printf_ll.o
        10          0          0          0          0          0   _printf_lld.o
        10          0          0          0          0          0   _printf_lli.o
        10          0          0          0          0          0   _printf_llo.o
        10          0          0          0          0          0   _printf_llu.o
        10          0          0          0          0          0   _printf_llx.o
       112         18          0          0          0         76   _printf_longlong_dec.o
        10          0          0          0          0          0   _printf_ls.o
        10          0          0          0          0          0   _printf_n.o
        10          0          0          0          0          0   _printf_o.o
       112         10          0          0          0        112   _printf_oct_int_ll.o
        10          0          0          0          0          0   _printf_p.o
        78          0          0          0          0        100   _printf_pad.o
         2          0          0          0          0          0   _printf_percent.o
         4          0          0          0          0          0   _printf_percent_end.o
        10          0          0          0          0          0   _printf_s.o
        82          0          0          0          0         72   _printf_str.o
        36          0          0          0          0         76   _printf_truncate.o
        10          0          0          0          0          0   _printf_u.o
        46          0          0          0          0        100   _printf_wchar.o
       188          6          8          0          0         80   _printf_wctomb.o
        10          0          0          0          0          0   _printf_x.o
       364          4          0          0          0         92   aeabi_sdiv.o
       216          6        148          0          0         80   bigflt0.o
      1456         30          0          0          0        336   btod.o
        12          0          0          0          0         68   defsig_exit.o
        52          0          0          0          0         72   defsig_general.o
        80         58          0          0          0         68   defsig_rtmem_inner.o
        12          0          0          0          0         68   defsig_rtmem_outer.o
        52         38          0          0          0         68   defsig_rtred_inner.o
        12          0          0          0          0         68   defsig_rtred_outer.o
        16          0          0          0          0         68   exit.o
        76          4          0          0          0         76   fclose.o
         8          0          0          0          0         60   ferror.o
       240         10          0          0          0        108   fopen.o
       244          4          0          0          0         76   fseek.o
        66          0          0          0          0         68   ftell.o
        98          0          0          0          0         72   h1_alloc.o
        52          0          0          0          0         68   h1_extend.o
        76          0          0          0          0         72   h1_free.o
        14          0          0          0          0         76   h1_init.o
         6          0          0          0          0        136   heapauxi.o
         4          0          0          0          0        120   hguard.o
       136          0          0          0          0        160   init_alloc.o
       316         44          0          0          0         96   initio.o
        44         10        272          0          0         76   lc_ctype_c.o
        44         10         28          0          0         76   lc_numeric_c.o
         2          0          0          0          0          0   libinit.o
        42          0          0          0          0          0   libinit2.o
         2          0          0          0          0          0   libshutdown.o
         6          0          0          0          0          0   libshutdown2.o
         8          4          0          0         96         68   libspace.o
        48          0          0          0          0         72   llmul.o
       272          0          0          0          0         88   lludiv.o
       122          0          0          0          0         72   lludiv10.o
         0          0          0          0          0          0   maybetermalloc1.o
        28          6          0          0          0         84   printf.o
        16          4          0          0          0         76   rt_ctype_table.o
         8          4          0          0          0         68   rt_errno_addr_intlibspace.o
         8          4          0          0          0         68   rt_heap_descriptor_intlibspace.o
         8          4          0          0          0         68   rt_locale_intlibspace.o
        64          0          0          0          0        108   rt_memclr.o
       186          0          0          0          0        144   rt_memcpy.o
         2          0          0          0          0          0   rtexit.o
        10          0          0          0          0          0   rtexit2.o
        40          0          0          0          0         60   rtudiv10.o
        76          4          0          0          0         72   setvbuf.o
       240          8          0          0          0        144   stdio.o
         0          0          0         12        252          0   stdio_streams.o
       136          4          0          0          0         72   strcmp.o
        62          0          0          0          0         80   sys_stackheap_outer.o
         2          0          0          0          0         68   use_no_semi.o
         2          0          0          0          0         68   use_no_semi_2.o
        16          4          0          0          0         76   printf1.o
        16          4          0          0          0         76   printf2.o
         0          0          0          0          0          0   usenofp.o
        44          4          0          0          0         60   fpclassify.o

    ----------------------------------------------------------------------
      9184        392        552         12        348       5820   Library Totals
        14          0          1          0          0          0   (incl. Padding)

    ----------------------------------------------------------------------

      Code (inc. data)   RO Data    RW Data    ZI Data      Debug   Library Name

      9094        380        551         12        348       5608   c_p.l
        32          8          0          0          0        152   fz_ps.l
        44          4          0          0          0         60   m_ps.l

    ----------------------------------------------------------------------
      9184        392        552         12        348       5820   Library Totals

    ----------------------------------------------------------------------

==============================================================================


      Code (inc. data)   RO Data    RW Data    ZI Data      Debug   

     23176       1062        908         24       3560     122548   Grand Totals
     23176       1062        908         24       3560     122548   ELF Image Totals
     23176       1062        908         24          0          0   ROM Totals

==============================================================================

    Total RO  Size (Code + RO Data)                24084 (  23.52kB)
    Total RW  Size (RW Data + ZI Data)              3584 (   3.50kB)
    Total ROM Size (Code + RO Data + RW Data)      24108 (  23.54kB)

==============================================================================

